<html>
<body>
<pre>
<h1>µVision Build Log</h1>
<h2>Tool Versions:</h2>
IDE-Version: µVision V5.32.0.0
Copyright (C) 2020 ARM Ltd and ARM Germany GmbH. All rights reserved.
License Information: Vladimir Cvetkovic, -, LIC=----
 
Tool Versions:
Toolchain:       MDK-Lite  Version: 5.32.0.0
Toolchain Path:  C:\Keil_v5\ARM\ARMCLANG\Bin
C Compiler:      ArmClang.exe V6.14.1
Assembler:       Armasm.exe V6.14.1
Linker/Locator:  ArmLink.exe V6.14.1
Library Manager: ArmAr.exe V6.14.1
Hex Converter:   FromElf.exe V6.14.1
CPU DLL:         SARMCM3.DLL V5.32.0.0
Dialog DLL:      DCM.DLL V1.17.3.0
Target DLL:      STLink\ST-LINKIII-KEIL_SWO.dll V3.0.8.0
Dialog DLL:      TCM.DLL V1.46.0.0
 
<h2>Project:</h2>
C:\Users\vlada\Documents\Keil uVision\I2C Temperature\I2C Temperature.uvprojx
Project File Date:  04/17/2021

<h2>Output:</h2>
*** Using Compiler 'V6.14.1', folder: 'C:\Keil_v5\ARM\ARMCLANG\Bin'
Rebuild target 'STM32F746ZG-Nucleo'
compiling system_stm32f7xx.c...
assembling startup_stm32f746xx.s...
compiling retarget_io.c...
main.c(178): warning: implicit conversion increases floating-point precision: 'volatile float' to 'double' [-Wdouble-promotion]
                                        printf("T=%4.2fF SoS=%3.1fft/s D=%1.2fft \r", temperatureA, currentSoSA, distanceA);
                                        ~~~~~~                                        ^~~~~~~~~~~~
main.c(178): warning: implicit conversion increases floating-point precision: 'float' to 'double' [-Wdouble-promotion]
                                        printf("T=%4.2fF SoS=%3.1fft/s D=%1.2fft \r", temperatureA, currentSoSA, distanceA);
                                        ~~~~~~                                                      ^~~~~~~~~~~
main.c(178): warning: implicit conversion increases floating-point precision: 'float' to 'double' [-Wdouble-promotion]
                                        printf("T=%4.2fF SoS=%3.1fft/s D=%1.2fft \r", temperatureA, currentSoSA, distanceA);
                                        ~~~~~~                                                                   ^~~~~~~~~
main.c(181): warning: implicit conversion increases floating-point precision: 'volatile float' to 'double' [-Wdouble-promotion]
                                        printf("T=%4.2fC SoS=%3.1fm/s D=%1.2fm \r", temperature, currentSoS, distance);
                                        ~~~~~~                                      ^~~~~~~~~~~
main.c(181): warning: implicit conversion increases floating-point precision: 'float' to 'double' [-Wdouble-promotion]
                                        printf("T=%4.2fC SoS=%3.1fm/s D=%1.2fm \r", temperature, currentSoS, distance);
                                        ~~~~~~                                                   ^~~~~~~~~~
main.c(181): warning: implicit conversion increases floating-point precision: 'float' to 'double' [-Wdouble-promotion]
                                        printf("T=%4.2fC SoS=%3.1fm/s D=%1.2fm \r", temperature, currentSoS, distance);
                                        ~~~~~~                                                               ^~~~~~~~
main.c(654): warning: unused function 'initalizeQueue' [-Wunused-function]
void initalizeQueue()
     ^
7 warnings generated.
compiling main.c...
linking...
Program Size: Code=14784 RO-data=1284 RW-data=20 ZI-data=1984  
FromELF: creating hex file...
".\Objects\I2C Temperature.axf" - 0 Error(s), 7 Warning(s).

<h2>Software Packages used:</h2>

Package Vendor: ARM
                http://www.keil.com/pack/ARM.CMSIS.5.8.0.pack
                ARM.CMSIS.5.8.0
                CMSIS (Common Microcontroller Software Interface Standard)
   * Component: CORE Version: 5.5.0

Package Vendor: STMicroelectronics
                http://www.ST.com/STMicroelectronics.STM32F7xx_DFP.1.0.3.pack
                STMicroelectronics.STM32F7xx_DFP.1.0.3
                STMicroelectronics STM32F7 Series Device Support, Drivers and Examples

Package Vendor: Keil
                http://www.keil.com/pack/Keil.ARM_Compiler.1.6.3.pack
                Keil.ARM_Compiler.1.6.3
                Keil ARM Compiler extensions for ARM Compiler 5 and ARM Compiler 6
   * Component: STDERR Variant: ITM Version: 1.2.0
   * Component: STDIN Variant: ITM Version: 1.2.0
   * Component: STDOUT Variant: ITM Version: 1.2.0

Package Vendor: Keil
                http://www.keil.com/pack/Keil.STM32F7xx_DFP.2.14.0.pack
                Keil.STM32F7xx_DFP.2.14.0
                STMicroelectronics STM32F7 Series Device Support, Drivers and Examples
   * Component: Startup Version: 1.2.5

<h2>Collection of Component include folders:</h2>
  .\RTE\_STM32F746ZG-Nucleo
  C:\Users\vlada\AppData\Local\Arm\Packs\ARM\CMSIS\5.8.0\CMSIS\Core\Include
  C:\Users\vlada\AppData\Local\Arm\Packs\Keil\STM32F7xx_DFP\2.14.0\Drivers\CMSIS\Device\ST\STM32F7xx\Include

<h2>Collection of Component Files used:</h2>

   * Component: ARM::CMSIS:CORE:5.5.0

   * Component: Keil.ARM Compiler::Compiler:I/O:STDERR:ITM:1.2.0
      Source file:   Source\retarget_io.c

   * Component: Keil.ARM Compiler::Compiler:I/O:STDIN:ITM:1.2.0
      Source file:   Source\retarget_io.c

   * Component: Keil.ARM Compiler::Compiler:I/O:STDOUT:ITM:1.2.0
      Source file:   Source\retarget_io.c

   * Component: Keil::Device:Startup:1.2.5
      Include file:  Drivers\CMSIS\Device\ST\STM32F7xx\Include\stm32f7xx.h
      Source file:   Drivers\CMSIS\Device\ST\STM32F7xx\Source\Templates\arm\startup_stm32f746xx.s
      Source file:   MDK\Device\Source\ARM\STM32F74x_75x_OPT.s
      Source file:   MDK\Device\Source\ARM\STM32F74x_75x_OTP.s
      Source file:   Drivers\CMSIS\Device\ST\STM32F7xx\Source\Templates\system_stm32f7xx.c
Build Time Elapsed:  00:00:01
</pre>
</body>
</html>
