Component: ARM Compiler 6.14.1 Tool: armlink [5db06d00]

==============================================================================

Section Cross References

    main.o(.text.main) refers to main.o(.text.clkConfig) for clkConfig
    main.o(.text.main) refers to main.o(.text.GPIOinit) for GPIOinit
    main.o(.text.main) refers to main.o(.text.I2Cinit) for I2Cinit
    main.o(.text.main) refers to main.o(.text.Timer7Init) for Timer7Init
    main.o(.text.main) refers to main.o(.text.Timer6Init) for Timer6Init
    main.o(.text.main) refers to main.o(.text.Timer1Init) for Timer1Init
    main.o(.text.main) refers to main.o(.text.USART3Init) for USART3Init
    main.o(.text.main) refers to main.o(.text.Timer25ROPMInit) for Timer25ROPMInit
    main.o(.text.main) refers to main.o(.text.Timer34EchoInit) for Timer34EchoInit
    main.o(.text.main) refers to main.o(.text.buttonTim13Init) for buttonTim13Init
    main.o(.text.main) refers to main.o(.bss.read) for read
    main.o(.text.main) refers to main.o(.text.readTemp) for readTemp
    main.o(.text.main) refers to main.o(.data.temperature) for temperature
    main.o(.text.main) refers to main.o(.bss.percent) for percent
    main.o(.text.main) refers to main.o(.bss.distance) for distance
    main.o(.text.main) refers to main.o(.bss.percentDst) for percentDst
    main.o(.text.main) refers to main.o(.bss.dataProcess) for dataProcess
    main.o(.text.main) refers to main.o(.bss.CCMSB) for CCMSB
    main.o(.text.main) refers to main.o(.bss.MSB) for MSB
    main.o(.text.main) refers to main.o(.bss.LSB) for LSB
    main.o(.text.main) refers to main.o(.bss.distance32_raw) for distance32_raw
    main.o(.text.main) refers to main.o(.text.queueProcess) for queueProcess
    main.o(.text.main) refers to main.o(.bss.distance32_raw_mean) for distance32_raw_mean
    main.o(.text.main) refers to main.o(.text.calcSoS) for calcSoS
    main.o(.text.main) refers to main.o(.bss.currentSoS) for currentSoS
    main.o(.text.main) refers to main.o(.bss.distance1) for distance1
    main.o(.text.main) refers to main.o(.bss.distanceA) for distanceA
    main.o(.text.main) refers to main.o(.data.temperatureA) for temperatureA
    main.o(.text.main) refers to main.o(.bss.currentSoSA) for currentSoSA
    main.o(.text.main) refers to main.o(.bss.american) for american
    main.o(.text.main) refers to f2d.o(x$fpl$f2d) for __aeabi_f2d
    main.o(.text.main) refers to main.o(.rodata.str1.1) for .L.str
    main.o(.text.main) refers to printf.o(.text) for printf
    main.o(.ARM.exidx.text.main) refers to main.o(.text.main) for [Anonymous Symbol]
    main.o(.ARM.exidx.text.clkConfig) refers to main.o(.text.clkConfig) for [Anonymous Symbol]
    main.o(.ARM.exidx.text.GPIOinit) refers to main.o(.text.GPIOinit) for [Anonymous Symbol]
    main.o(.ARM.exidx.text.I2Cinit) refers to main.o(.text.I2Cinit) for [Anonymous Symbol]
    main.o(.text.Timer7Init) refers to main.o(.text.__NVIC_EnableIRQ) for __NVIC_EnableIRQ
    main.o(.ARM.exidx.text.Timer7Init) refers to main.o(.text.Timer7Init) for [Anonymous Symbol]
    main.o(.text.Timer6Init) refers to main.o(.text.__NVIC_EnableIRQ) for __NVIC_EnableIRQ
    main.o(.ARM.exidx.text.Timer6Init) refers to main.o(.text.Timer6Init) for [Anonymous Symbol]
    main.o(.ARM.exidx.text.Timer1Init) refers to main.o(.text.Timer1Init) for [Anonymous Symbol]
    main.o(.ARM.exidx.text.USART3Init) refers to main.o(.text.USART3Init) for [Anonymous Symbol]
    main.o(.ARM.exidx.text.Timer25ROPMInit) refers to main.o(.text.Timer25ROPMInit) for [Anonymous Symbol]
    main.o(.text.Timer34EchoInit) refers to main.o(.text.__NVIC_EnableIRQ) for __NVIC_EnableIRQ
    main.o(.ARM.exidx.text.Timer34EchoInit) refers to main.o(.text.Timer34EchoInit) for [Anonymous Symbol]
    main.o(.text.buttonTim13Init) refers to main.o(.text.__NVIC_EnableIRQ) for __NVIC_EnableIRQ
    main.o(.ARM.exidx.text.buttonTim13Init) refers to main.o(.text.buttonTim13Init) for [Anonymous Symbol]
    main.o(.text.readTemp) refers to main.o(.bss.temperature_reg) for temperature_reg
    main.o(.text.readTemp) refers to main.o(.data.temperature) for temperature
    main.o(.ARM.exidx.text.readTemp) refers to main.o(.text.readTemp) for [Anonymous Symbol]
    main.o(.text.queueProcess) refers to main.o(.bss.queue) for queue
    main.o(.text.queueProcess) refers to main.o(.bss.mean) for mean
    main.o(.ARM.exidx.text.queueProcess) refers to main.o(.text.queueProcess) for [Anonymous Symbol]
    main.o(.text.calcSoS) refers to main.o(.data.temperature) for temperature
    main.o(.text.calcSoS) refers to main.o(.rodata.speed_of_soundT) for speed_of_soundT
    main.o(.text.calcSoS) refers to main.o(.rodata.speed_of_sound) for speed_of_sound
    main.o(.text.calcSoS) refers to main.o(.bss.currentSoS) for currentSoS
    main.o(.ARM.exidx.text.calcSoS) refers to main.o(.text.calcSoS) for [Anonymous Symbol]
    main.o(.text.fputc) refers to main.o(.text.USART3Transmit) for USART3Transmit
[...]
    Timer25ROPMInit                          0x08002129   Thumb Code   250  main.o(.text.Timer25ROPMInit)
    [Anonymous Symbol]                       0x08002128   Section        0  main.o(.text.Timer25ROPMInit)
    Timer34EchoInit                          0x08002229   Thumb Code   314  main.o(.text.Timer34EchoInit)
    [Anonymous Symbol]                       0x08002228   Section        0  main.o(.text.Timer34EchoInit)
    Timer6Init                               0x08002369   Thumb Code    96  main.o(.text.Timer6Init)
    [Anonymous Symbol]                       0x08002368   Section        0  main.o(.text.Timer6Init)
    Timer7Init                               0x080023c9   Thumb Code   128  main.o(.text.Timer7Init)
    [Anonymous Symbol]                       0x080023c8   Section        0  main.o(.text.Timer7Init)
    USART3Init                               0x08002449   Thumb Code   128  main.o(.text.USART3Init)
    [Anonymous Symbol]                       0x08002448   Section        0  main.o(.text.USART3Init)
    USART3Transmit                           0x080024c9   Thumb Code   100  main.o(.text.USART3Transmit)
    [Anonymous Symbol]                       0x080024c8   Section        0  main.o(.text.USART3Transmit)
    __NVIC_DisableIRQ                        0x08002531   Thumb Code    60  main.o(.text.__NVIC_DisableIRQ)
    [Anonymous Symbol]                       0x08002530   Section        0  main.o(.text.__NVIC_DisableIRQ)
    __NVIC_EnableIRQ                         0x08002571   Thumb Code    52  main.o(.text.__NVIC_EnableIRQ)
    [Anonymous Symbol]                       0x08002570   Section        0  main.o(.text.__NVIC_EnableIRQ)
    [Anonymous Symbol]                       0x080025a8   Section        0  retarget_io.o(.text._sys_close)
    [Anonymous Symbol]                       0x080025f8   Section        0  retarget_io.o(.text._sys_flen)
    [Anonymous Symbol]                       0x08002640   Section        0  retarget_io.o(.text._sys_istty)
    [Anonymous Symbol]                       0x08002688   Section        0  retarget_io.o(.text._sys_open)
    [Anonymous Symbol]                       0x08002718   Section        0  retarget_io.o(.text._sys_seek)
    [Anonymous Symbol]                       0x08002770   Section        0  retarget_io.o(.text._sys_write)
    buttonTim13Init                          0x08002811   Thumb Code   200  main.o(.text.buttonTim13Init)
    [Anonymous Symbol]                       0x08002810   Section        0  main.o(.text.buttonTim13Init)
    calcSoS                                  0x080028d9   Thumb Code   194  main.o(.text.calcSoS)
    [Anonymous Symbol]                       0x080028d8   Section        0  main.o(.text.calcSoS)
    clkConfig                                0x080029a1   Thumb Code   232  main.o(.text.clkConfig)
    [Anonymous Symbol]                       0x080029a0   Section        0  main.o(.text.clkConfig)
    configSensor                             0x08002a89   Thumb Code   358  main.o(.text.configSensor)
    [Anonymous Symbol]                       0x08002a88   Section        0  main.o(.text.configSensor)
    [Anonymous Symbol]                       0x08002bf0   Section        0  main.o(.text.fputc)
    [Anonymous Symbol]                       0x08002c08   Section        0  main.o(.text.main)
    queueProcess                             0x08003009   Thumb Code   176  main.o(.text.queueProcess)
    [Anonymous Symbol]                       0x08003008   Section        0  main.o(.text.queueProcess)
    readTemp                                 0x080030b9   Thumb Code   376  main.o(.text.readTemp)
    [Anonymous Symbol]                       0x080030b8   Section        0  main.o(.text.readTemp)
    stderr_putchar                           0x08003231   Thumb Code    16  retarget_io.o(.text.stderr_putchar)
    [Anonymous Symbol]                       0x08003230   Section        0  retarget_io.o(.text.stderr_putchar)
    stdout_putchar                           0x08003241   Thumb Code    16  retarget_io.o(.text.stdout_putchar)
    [Anonymous Symbol]                       0x08003240   Section        0  retarget_io.o(.text.stdout_putchar)
    CL$$btod_d2e                             0x08003250   Section       62  btod.o(CL$$btod_d2e)
    CL$$btod_d2e_denorm_low                  0x0800328e   Section       70  btod.o(CL$$btod_d2e_denorm_low)
    CL$$btod_d2e_norm_op1                    0x080032d4   Section       96  btod.o(CL$$btod_d2e_norm_op1)
    CL$$btod_div_common                      0x08003334   Section      824  btod.o(CL$$btod_div_common)
    CL$$btod_e2e                             0x0800366c   Section      220  btod.o(CL$$btod_e2e)
    CL$$btod_ediv                            0x08003748   Section       42  btod.o(CL$$btod_ediv)
    CL$$btod_emul                            0x08003772   Section       42  btod.o(CL$$btod_emul)
    CL$$btod_mult_common                     0x0800379c   Section      580  btod.o(CL$$btod_mult_common)
    i.__ARM_fpclassify                       0x080039e0   Section        0  fpclassify.o(i.__ARM_fpclassify)
    i._is_digit                              0x08003a10   Section        0  __printf_wp.o(i._is_digit)
    locale$$code                             0x08003a20   Section       44  lc_numeric_c.o(locale$$code)
    locale$$code                             0x08003a4c   Section       44  lc_ctype_c.o(locale$$code)
    $v0                                      0x08003a78   Number         0  dretinf.o(x$fpl$dretinf)
    x$fpl$dretinf                            0x08003a78   Section       12  dretinf.o(x$fpl$dretinf)
    $v0                                      0x08003a84   Number         0  f2d.o(x$fpl$f2d)
    x$fpl$f2d                                0x08003a84   Section       86  f2d.o(x$fpl$f2d)
    $v0                                      0x08003ada   Number         0  fnaninf.o(x$fpl$fnaninf)
    x$fpl$fnaninf                            0x08003ada   Section      140  fnaninf.o(x$fpl$fnaninf)
    $v0                                      0x08003b66   Number         0  fpinit.o(x$fpl$fpinit)
    x$fpl$fpinit                             0x08003b66   Section       26  fpinit.o(x$fpl$fpinit)
    $v0                                      0x08003b80   Number         0  printf1.o(x$fpl$printf1)
    x$fpl$printf1                            0x08003b80   Section        4  printf1.o(x$fpl$printf1)
    $v0                                      0x08003b84   Number         0  printf2.o(x$fpl$printf2)
    x$fpl$printf2                            0x08003b84   Section        4  printf2.o(x$fpl$printf2)
    initial_mbstate                          0x08003b88   Data           8  _printf_wctomb.o(.constdata)
    .constdata                               0x08003b88   Section        8  _printf_wctomb.o(.constdata)
    x$fpl$usenofp                            0x08003b88   Section        0  usenofp.o(x$fpl$usenofp)
    uc_hextab                                0x08003b90   Data          20  _printf_hex_int_ll_ptr.o(.constdata)
    .constdata                               0x08003b90   Section       40  _printf_hex_int_ll_ptr.o(.constdata)
    lc_hextab                                0x08003ba4   Data          20  _printf_hex_int_ll_ptr.o(.constdata)
    maptable                                 0x08003bb8   Data          17  __printf_flags_ss_wp.o(.constdata)
    .constdata                               0x08003bb8   Section       17  __printf_flags_ss_wp.o(.constdata)
    lc_hextab                                0x08003bc9   Data          19  _printf_fp_hex.o(.constdata)
    .constdata                               0x08003bc9   Section       38  _printf_fp_hex.o(.constdata)
    uc_hextab                                0x08003bdc   Data          19  _printf_fp_hex.o(.constdata)
    tenpwrs_x                                0x08003bf0   Data          60  bigflt0.o(.constdata)
    .constdata                               0x08003bf0   Section      148  bigflt0.o(.constdata)
    tenpwrs_i                                0x08003c2c   Data          64  bigflt0.o(.constdata)
    speed_of_sound                           0x08003c9c   Data          64  main.o(.rodata.speed_of_sound)
    [Anonymous Symbol]                       0x08003c9c   Section        0  main.o(.rodata.speed_of_sound)
    speed_of_soundT                          0x08003cdc   Data          64  main.o(.rodata.speed_of_soundT)
    [Anonymous Symbol]                       0x08003cdc   Section        0  main.o(.rodata.speed_of_soundT)
    .L.str.1                                 0x08003d1c   Data          33  main.o(.rodata.str1.1)
    [Anonymous Symbol]                       0x08003d1c   Section        0  main.o(.rodata.str1.1)
    .L.str                                   0x08003d3d   Data          35  main.o(.rodata.str1.1)
    .L.str                                   0x08003d60   Data           7  retarget_io.o(.rodata.str1.1)
    [Anonymous Symbol]                       0x08003d60   Section        0  retarget_io.o(.rodata.str1.1)
    .L.str.2                                 0x08003d67   Data           8  retarget_io.o(.rodata.str1.1)
    .L.str.1                                 0x08003d6f   Data           8  retarget_io.o(.rodata.str1.1)
    locale$$data                             0x08003d98   Section       28  lc_numeric_c.o(locale$$data)
    __lcnum_c_name                           0x08003d9c   Data           2  lc_numeric_c.o(locale$$data)
    __lcnum_c_start                          0x08003da4   Data           0  lc_numeric_c.o(locale$$data)
    __lcnum_c_point                          0x08003db0   Data           0  lc_numeric_c.o(locale$$data)
    __lcnum_c_thousands                      0x08003db2   Data           0  lc_numeric_c.o(locale$$data)
    __lcnum_c_grouping                       0x08003db3   Data           0  lc_numeric_c.o(locale$$data)
    __lcnum_c_end                            0x08003db4   Data           0  lc_numeric_c.o(locale$$data)
    locale$$data                             0x08003db4   Section      272  lc_ctype_c.o(locale$$data)
    __lcctype_c_name                         0x08003db8   Data           2  lc_ctype_c.o(locale$$data)
    __lcctype_c_start                        0x08003dc0   Data           0  lc_ctype_c.o(locale$$data)
    __lcctype_c_end                          0x08003ec4   Data           0  lc_ctype_c.o(locale$$data)
    .data                                    0x20010000   Section        4  stdio_streams.o(.data)
    .data                                    0x20010004   Section        4  stdio_streams.o(.data)
    .data                                    0x20010008   Section        4  stdio_streams.o(.data)
    temperature                              0x2001000c   Data           4  main.o(.data.temperature)
    [Anonymous Symbol]                       0x2001000c   Section        0  main.o(.data.temperature)
    temperatureA                             0x20010010   Data           4  main.o(.data.temperatureA)
    [Anonymous Symbol]                       0x20010010   Section        0  main.o(.data.temperatureA)
    .bss                                     0x20010018   Section       84  stdio_streams.o(.bss)
    .bss                                     0x2001006c   Section       84  stdio_streams.o(.bss)
    .bss                                     0x200100c0   Section       84  stdio_streams.o(.bss)
    .bss                                     0x20010114   Section       96  libspace.o(.bss)
    CCMSB                                    0x20010174   Data           4  main.o(.bss.CCMSB)
    [Anonymous Symbol]                       0x20010174   Section        0  main.o(.bss.CCMSB)
    CC_ITpass                                0x20010178   Data           1  main.o(.bss.CC_ITpass)
    [Anonymous Symbol]                       0x20010178   Section        0  main.o(.bss.CC_ITpass)
    LSB                                      0x2001017a   Data           2  main.o(.bss.LSB)
    [Anonymous Symbol]                       0x2001017a   Section        0  main.o(.bss.LSB)
    MSB                                      0x2001017c   Data           2  main.o(.bss.MSB)
    [Anonymous Symbol]                       0x2001017c   Section        0  main.o(.bss.MSB)
    american                                 0x2001017e   Data           1  main.o(.bss.american)
    [Anonymous Symbol]                       0x2001017e   Section        0  main.o(.bss.american)
    currentSoS                               0x20010180   Data           4  main.o(.bss.currentSoS)
    [Anonymous Symbol]                       0x20010180   Section        0  main.o(.bss.currentSoS)
    currentSoSA                              0x20010184   Data           4  main.o(.bss.currentSoSA)
    [Anonymous Symbol]                       0x20010184   Section        0  main.o(.bss.currentSoSA)
    dataProcess                              0x20010188   Data           1  main.o(.bss.dataProcess)
    [Anonymous Symbol]                       0x20010188   Section        0  main.o(.bss.dataProcess)
    distance                                 0x2001018c   Data           4  main.o(.bss.distance)
    [Anonymous Symbol]                       0x2001018c   Section        0  main.o(.bss.distance)
    distance1                                0x20010190   Data           4  main.o(.bss.distance1)
    [Anonymous Symbol]                       0x20010190   Section        0  main.o(.bss.distance1)
    distance32_raw                           0x20010194   Data           4  main.o(.bss.distance32_raw)
    [Anonymous Symbol]                       0x20010194   Section        0  main.o(.bss.distance32_raw)
    distance32_raw_mean                      0x20010198   Data           4  main.o(.bss.distance32_raw_mean)
    [Anonymous Symbol]                       0x20010198   Section        0  main.o(.bss.distance32_raw_mean)
    distanceA                                0x2001019c   Data           4  main.o(.bss.distanceA)
    [Anonymous Symbol]                       0x2001019c   Section        0  main.o(.bss.distanceA)
    garbageData                              0x200101a0   Data           1  main.o(.bss.garbageData)
    [Anonymous Symbol]                       0x200101a0   Section        0  main.o(.bss.garbageData)
    mean                                     0x200101a4   Data           4  main.o(.bss.mean)
    [Anonymous Symbol]                       0x200101a4   Section        0  main.o(.bss.mean)
    percent                                  0x200101a8   Data           4  main.o(.bss.percent)
    [Anonymous Symbol]                       0x200101a8   Section        0  main.o(.bss.percent)
    percentDst                               0x200101ac   Data           4  main.o(.bss.percentDst)
    [Anonymous Symbol]                       0x200101ac   Section        0  main.o(.bss.percentDst)
    queue                                    0x200101b0   Data          32  main.o(.bss.queue)
    [Anonymous Symbol]                       0x200101b0   Section        0  main.o(.bss.queue)
    read                                     0x200101d0   Data           1  main.o(.bss.read)
    [Anonymous Symbol]                       0x200101d0   Section        0  main.o(.bss.read)
    temperature_reg                          0x200101d2   Data           2  main.o(.bss.temperature_reg)
    [Anonymous Symbol]                       0x200101d2   Section        0  main.o(.bss.temperature_reg)
    Heap_Mem                                 0x200101d8   Data         512  startup_stm32f746xx.o(HEAP)
    HEAP                                     0x200101d8   Section      512  startup_stm32f746xx.o(HEAP)
    Stack_Mem                                0x200103d8   Data        1024  startup_stm32f746xx.o(STACK)
    STACK                                    0x200103d8   Section     1024  startup_stm32f746xx.o(STACK)
    __initial_sp                             0x200107d8   Data           0  startup_stm32f746xx.o(STACK)

    Global Symbols

    Symbol Name                              Value     Ov Type        Size  Object(Section)

    BuildAttributes$$THM_ISAv4$E$P$D$K$B$S$7EM$VFPi5$EXTD16$VFPS$VFMA$PE$PLD8$A:L22UL41UL21$X:L11$S22US41US21$IEEE1$IW$~IW$USESV6$~STKCKD$USESV7$~SHL$OTIME$ROPI$IEEEJ$EBA8$UX$STANDARDLIB$REQ8$PRES8$EABIv2 0x00000000   Number         0  anon$$obj.o ABSOLUTE
    _printf_flags                            0x00000000   Number         0  printf_stubs.o ABSOLUTE
    _printf_return_value                     0x00000000   Number         0  printf_stubs.o ABSOLUTE
    _printf_sizespec                         0x00000000   Number         0  printf_stubs.o ABSOLUTE
    _printf_widthprec                        0x00000000   Number         0  printf_stubs.o ABSOLUTE
    __ARM_exceptions_init                     - Undefined Weak Reference
    __alloca_initialize                       - Undefined Weak Reference
    __arm_preinit_                            - Undefined Weak Reference
    __cpp_initialize__aeabi_                  - Undefined Weak Reference
    __cxa_finalize                            - Undefined Weak Reference
    __sigvec_lookup                           - Undefined Weak Reference
    __user_heap_extent                        - Undefined Weak Reference
    _atexit_init                              - Undefined Weak Reference
    _call_atexit_fns                          - Undefined Weak Reference
    _clock_init                               - Undefined Weak Reference
    _fp_trap_init                             - Undefined Weak Reference
    _fp_trap_shutdown                         - Undefined Weak Reference
    _get_lc_collate                           - Undefined Weak Reference
    _get_lc_monetary                          - Undefined Weak Reference
    _get_lc_time                              - Undefined Weak Reference
    _getenv_init                              - Undefined Weak Reference
    _handle_redirection                       - Undefined Weak Reference
    _mutex_acquire                            - Undefined Weak Reference
    _mutex_free                               - Undefined Weak Reference
    _mutex_release                            - Undefined Weak Reference
    _printf_mbtowc                            - Undefined Weak Reference
    _printf_wc                                - Undefined Weak Reference
    _rand_init                                - Undefined Weak Reference
    _signal_finish                            - Undefined Weak Reference
    _signal_init                              - Undefined Weak Reference
    __Vectors_Size                           0x000001c8   Number         0  startup_stm32f746xx.o ABSOLUTE
    __Vectors                                0x08000000   Data           4  startup_stm32f746xx.o(RESET)
    __Vectors_End                            0x080001c8   Data           0  startup_stm32f746xx.o(RESET)
    __main                                   0x080001c9   Thumb Code     8  __main.o(!!!main)
    __scatterload                            0x080001d1   Thumb Code     0  __scatter.o(!!!scatter)
    __scatterload_rt2                        0x080001d1   Thumb Code    44  __scatter.o(!!!scatter)
    __scatterload_rt2_thumb_only             0x080001d1   Thumb Code     0  __scatter.o(!!!scatter)
    __scatterload_null                       0x080001df   Thumb Code     0  __scatter.o(!!!scatter)
    __scatterload_copy                       0x08000205   Thumb Code    26  __scatter_copy.o(!!handler_copy)
    __scatterload_zeroinit                   0x08000221   Thumb Code    28  __scatter_zi.o(!!handler_zi)
    _printf_n                                0x0800023d   Thumb Code     0  _printf_n.o(.ARM.Collect$$_printf_percent$$00000001)
    _printf_percent                          0x0800023d   Thumb Code     0  _printf_percent.o(.ARM.Collect$$_printf_percent$$00000000)
    _printf_p                                0x08000243   Thumb Code     0  _printf_p.o(.ARM.Collect$$_printf_percent$$00000002)
    _printf_f                                0x08000249   Thumb Code     0  _printf_f.o(.ARM.Collect$$_printf_percent$$00000003)
    _printf_e                                0x0800024f   Thumb Code     0  _printf_e.o(.ARM.Collect$$_printf_percent$$00000004)
    _printf_g                                0x08000255   Thumb Code     0  _printf_g.o(.ARM.Collect$$_printf_percent$$00000005)
    _printf_a                                0x0800025b   Thumb Code     0  _printf_a.o(.ARM.Collect$$_printf_percent$$00000006)
    _printf_ll                               0x08000261   Thumb Code     0  _printf_ll.o(.ARM.Collect$$_printf_percent$$00000007)
    _printf_i                                0x0800026b   Thumb Code     0  _printf_i.o(.ARM.Collect$$_printf_percent$$00000008)
    _printf_d                                0x08000271   Thumb Code     0  _printf_d.o(.ARM.Collect$$_printf_percent$$00000009)
    _printf_u                                0x08000277   Thumb Code     0  _printf_u.o(.ARM.Collect$$_printf_percent$$0000000A)
    _printf_o                                0x0800027d   Thumb Code     0  _printf_o.o(.ARM.Collect$$_printf_percent$$0000000B)
    _printf_x                                0x08000283   Thumb Code     0  _printf_x.o(.ARM.Collect$$_printf_percent$$0000000C)
    _printf_lli                              0x08000289   Thumb Code     0  _printf_lli.o(.ARM.Collect$$_printf_percent$$0000000D)
    _printf_lld                              0x0800028f   Thumb Code     0  _printf_lld.o(.ARM.Collect$$_printf_percent$$0000000E)
    _printf_llu                              0x08000295   Thumb Code     0  _printf_llu.o(.ARM.Collect$$_printf_percent$$0000000F)
    _printf_llo                              0x0800029b   Thumb Code     0  _printf_llo.o(.ARM.Collect$$_printf_percent$$00000010)
    _printf_llx                              0x080002a1   Thumb Code     0  _printf_llx.o(.ARM.Collect$$_printf_percent$$00000011)
    _printf_l                                0x080002a7   Thumb Code     0  _printf_l.o(.ARM.Collect$$_printf_percent$$00000012)
    _printf_c                                0x080002b1   Thumb Code     0  _printf_c.o(.ARM.Collect$$_printf_percent$$00000013)
    _printf_s                                0x080002b7   Thumb Code     0  _printf_s.o(.ARM.Collect$$_printf_percent$$00000014)
    _printf_lc                               0x080002bd   Thumb Code     0  _printf_lc.o(.ARM.Collect$$_printf_percent$$00000015)
    _printf_ls                               0x080002c3   Thumb Code     0  _printf_ls.o(.ARM.Collect$$_printf_percent$$00000016)
    _printf_percent_end                      0x080002c9   Thumb Code     0  _printf_percent_end.o(.ARM.Collect$$_printf_percent$$00000017)
    __rt_lib_init                            0x080002cd   Thumb Code     0  libinit.o(.ARM.Collect$$libinit$$00000000)
    __rt_lib_init_fp_1                       0x080002cf   Thumb Code     0  libinit2.o(.ARM.Collect$$libinit$$00000001)
    __rt_lib_init_heap_2                     0x080002d3   Thumb Code     0  libinit2.o(.ARM.Collect$$libinit$$00000005)
    __rt_lib_init_preinit_1                  0x080002d3   Thumb Code     0  libinit2.o(.ARM.Collect$$libinit$$00000004)
    __rt_lib_init_heap_1                     0x080002db   Thumb Code     0  libinit2.o(.ARM.Collect$$libinit$$0000000A)
    __rt_lib_init_lc_common                  0x080002db   Thumb Code     0  libinit2.o(.ARM.Collect$$libinit$$0000000F)
    __rt_lib_init_rand_1                     0x080002db   Thumb Code     0  libinit2.o(.ARM.Collect$$libinit$$0000000E)
    __rt_lib_init_user_alloc_1               0x080002db   Thumb Code     0  libinit2.o(.ARM.Collect$$libinit$$0000000C)
    __rt_lib_init_lc_collate_1               0x080002e1   Thumb Code     0  libinit2.o(.ARM.Collect$$libinit$$00000011)
    __rt_lib_init_lc_ctype_2                 0x080002e1   Thumb Code     0  libinit2.o(.ARM.Collect$$libinit$$00000012)
    __rt_lib_init_lc_ctype_1                 0x080002ed   Thumb Code     0  libinit2.o(.ARM.Collect$$libinit$$00000013)
    __rt_lib_init_lc_monetary_1              0x080002ed   Thumb Code     0  libinit2.o(.ARM.Collect$$libinit$$00000015)
    __rt_lib_init_lc_numeric_2               0x080002ed   Thumb Code     0  libinit2.o(.ARM.Collect$$libinit$$00000016)
    __rt_lib_init_atexit_1                   0x080002f7   Thumb Code     0  libinit2.o(.ARM.Collect$$libinit$$0000001B)
    __rt_lib_init_clock_1                    0x080002f7   Thumb Code     0  libinit2.o(.ARM.Collect$$libinit$$00000021)
    __rt_lib_init_fp_trap_1                  0x080002f7   Thumb Code     0  libinit2.o(.ARM.Collect$$libinit$$0000001F)
    __rt_lib_init_getenv_1                   0x080002f7   Thumb Code     0  libinit2.o(.ARM.Collect$$libinit$$00000023)
    __rt_lib_init_lc_numeric_1               0x080002f7   Thumb Code     0  libinit2.o(.ARM.Collect$$libinit$$00000017)
    __rt_lib_init_lc_time_1                  0x080002f7   Thumb Code     0  libinit2.o(.ARM.Collect$$libinit$$00000019)
    __rt_lib_init_signal_1                   0x080002f7   Thumb Code     0  libinit2.o(.ARM.Collect$$libinit$$0000001D)
    __rt_lib_init_stdio_2                    0x080002f7   Thumb Code     0  libinit2.o(.ARM.Collect$$libinit$$00000024)
    __rt_lib_init_argv_1                     0x080002fb   Thumb Code     0  libinit2.o(.ARM.Collect$$libinit$$00000026)
    __rt_lib_init_stdio_1                    0x080002fb   Thumb Code     0  libinit2.o(.ARM.Collect$$libinit$$00000025)
    __rt_lib_init_alloca_1                   0x08000303   Thumb Code     0  libinit2.o(.ARM.Collect$$libinit$$0000002E)
    __rt_lib_init_cpp_1                      0x08000303   Thumb Code     0  libinit2.o(.ARM.Collect$$libinit$$00000032)
    __rt_lib_init_exceptions_1               0x08000303   Thumb Code     0  libinit2.o(.ARM.Collect$$libinit$$00000030)
    __rt_lib_init_return                     0x08000303   Thumb Code     0  libinit2.o(.ARM.Collect$$libinit$$00000033)
    __rt_lib_shutdown                        0x08000305   Thumb Code     0  libshutdown.o(.ARM.Collect$$libshutdown$$00000000)
    __rt_lib_shutdown_cpp_1                  0x08000307   Thumb Code     0  libshutdown2.o(.ARM.Collect$$libshutdown$$00000002)
    __rt_lib_shutdown_stdio_2                0x08000307   Thumb Code     0  libshutdown2.o(.ARM.Collect$$libshutdown$$00000003)
    __rt_lib_shutdown_fp_trap_1              0x0800030b   Thumb Code     0  libshutdown2.o(.ARM.Collect$$libshutdown$$00000007)
    __rt_lib_shutdown_heap_1                 0x0800030b   Thumb Code     0  libshutdown2.o(.ARM.Collect$$libshutdown$$0000000F)
    __rt_lib_shutdown_return                 0x0800030b   Thumb Code     0  libshutdown2.o(.ARM.Collect$$libshutdown$$00000010)
    __rt_lib_shutdown_signal_1               0x0800030b   Thumb Code     0  libshutdown2.o(.ARM.Collect$$libshutdown$$0000000A)
    __rt_lib_shutdown_stdio_1                0x0800030b   Thumb Code     0  libshutdown2.o(.ARM.Collect$$libshutdown$$00000004)
    __rt_lib_shutdown_user_alloc_1           0x0800030b   Thumb Code     0  libshutdown2.o(.ARM.Collect$$libshutdown$$0000000C)
    __rt_entry                               0x0800030d   Thumb Code     0  __rtentry.o(.ARM.Collect$$rtentry$$00000000)
    __rt_entry_presh_1                       0x0800030d   Thumb Code     0  __rtentry2.o(.ARM.Collect$$rtentry$$00000002)
    __rt_entry_sh                            0x0800030d   Thumb Code     0  __rtentry4.o(.ARM.Collect$$rtentry$$00000004)
    __rt_entry_li                            0x08000313   Thumb Code     0  __rtentry2.o(.ARM.Collect$$rtentry$$0000000A)
    __rt_entry_postsh_1                      0x08000313   Thumb Code     0  __rtentry2.o(.ARM.Collect$$rtentry$$00000009)
    __rt_entry_main                          0x08000317   Thumb Code     0  __rtentry2.o(.ARM.Collect$$rtentry$$0000000D)
    __rt_entry_postli_1                      0x08000317   Thumb Code     0  __rtentry2.o(.ARM.Collect$$rtentry$$0000000C)
    __rt_exit                                0x0800031f   Thumb Code     0  rtexit.o(.ARM.Collect$$rtexit$$00000000)
    __rt_exit_ls                             0x08000321   Thumb Code     0  rtexit2.o(.ARM.Collect$$rtexit$$00000003)
    __rt_exit_prels_1                        0x08000321   Thumb Code     0  rtexit2.o(.ARM.Collect$$rtexit$$00000002)
    __rt_exit_exit                           0x08000325   Thumb Code     0  rtexit2.o(.ARM.Collect$$rtexit$$00000004)
    __ARM_argv_veneer                        0x0800032d   Thumb Code     4  argv_veneer.o(.emb_text)
    Reset_Handler                            0x08000331   Thumb Code     8  startup_stm32f746xx.o(.text)
    NMI_Handler                              0x08000339   Thumb Code     2  startup_stm32f746xx.o(.text)
    HardFault_Handler                        0x0800033b   Thumb Code     2  startup_stm32f746xx.o(.text)
    MemManage_Handler                        0x0800033d   Thumb Code     2  startup_stm32f746xx.o(.text)
    BusFault_Handler                         0x0800033f   Thumb Code     2  startup_stm32f746xx.o(.text)
    UsageFault_Handler                       0x08000341   Thumb Code     2  startup_stm32f746xx.o(.text)
    SVC_Handler                              0x08000343   Thumb Code     2  startup_stm32f746xx.o(.text)
    DebugMon_Handler                         0x08000345   Thumb Code     2  startup_stm32f746xx.o(.text)
    PendSV_Handler                           0x08000347   Thumb Code     2  startup_stm32f746xx.o(.text)
    SysTick_Handler                          0x08000349   Thumb Code     2  startup_stm32f746xx.o(.text)
    ADC_IRQHandler                           0x0800034b   Thumb Code     0  startup_stm32f746xx.o(.text)
    CAN1_RX0_IRQHandler                      0x0800034b   Thumb Code     0  startup_stm32f746xx.o(.text)
    CAN1_RX1_IRQHandler                      0x0800034b   Thumb Code     0  startup_stm32f746xx.o(.text)
    CAN1_SCE_IRQHandler                      0x0800034b   Thumb Code     0  startup_stm32f746xx.o(.text)
    CAN1_TX_IRQHandler                       0x0800034b   Thumb Code     0  startup_stm32f746xx.o(.text)
    CAN2_RX0_IRQHandler                      0x0800034b   Thumb Code     0  startup_stm32f746xx.o(.text)
    CAN2_RX1_IRQHandler                      0x0800034b   Thumb Code     0  startup_stm32f746xx.o(.text)
    CAN2_SCE_IRQHandler                      0x0800034b   Thumb Code     0  startup_stm32f746xx.o(.text)
    CAN2_TX_IRQHandler                       0x0800034b   Thumb Code     0  startup_stm32f746xx.o(.text)
    CEC_IRQHandler                           0x0800034b   Thumb Code     0  startup_stm32f746xx.o(.text)
    DCMI_IRQHandler                          0x0800034b   Thumb Code     0  startup_stm32f746xx.o(.text)
    DMA1_Stream0_IRQHandler                  0x0800034b   Thumb Code     0  startup_stm32f746xx.o(.text)
    DMA1_Stream1_IRQHandler                  0x0800034b   Thumb Code     0  startup_stm32f746xx.o(.text)
    DMA1_Stream2_IRQHandler                  0x0800034b   Thumb Code     0  startup_stm32f746xx.o(.text)
    DMA1_Stream3_IRQHandler                  0x0800034b   Thumb Code     0  startup_stm32f746xx.o(.text)
    DMA1_Stream4_IRQHandler                  0x0800034b   Thumb Code     0  startup_stm32f746xx.o(.text)
    DMA1_Stream5_IRQHandler                  0x0800034b   Thumb Code     0  startup_stm32f746xx.o(.text)
    DMA1_Stream6_IRQHandler                  0x0800034b   Thumb Code     0  startup_stm32f746xx.o(.text)
    DMA1_Stream7_IRQHandler                  0x0800034b   Thumb Code     0  startup_stm32f746xx.o(.text)
    DMA2D_IRQHandler                         0x0800034b   Thumb Code     0  startup_stm32f746xx.o(.text)
    DMA2_Stream0_IRQHandler                  0x0800034b   Thumb Code     0  startup_stm32f746xx.o(.text)
    DMA2_Stream1_IRQHandler                  0x0800034b   Thumb Code     0  startup_stm32f746xx.o(.text)
    DMA2_Stream2_IRQHandler                  0x0800034b   Thumb Code     0  startup_stm32f746xx.o(.text)
    DMA2_Stream3_IRQHandler                  0x0800034b   Thumb Code     0  startup_stm32f746xx.o(.text)
    DMA2_Stream4_IRQHandler                  0x0800034b   Thumb Code     0  startup_stm32f746xx.o(.text)
    DMA2_Stream5_IRQHandler                  0x0800034b   Thumb Code     0  startup_stm32f746xx.o(.text)
    DMA2_Stream6_IRQHandler                  0x0800034b   Thumb Code     0  startup_stm32f746xx.o(.text)
    DMA2_Stream7_IRQHandler                  0x0800034b   Thumb Code     0  startup_stm32f746xx.o(.text)
    ETH_IRQHandler                           0x0800034b   Thumb Code     0  startup_stm32f746xx.o(.text)
    ETH_WKUP_IRQHandler                      0x0800034b   Thumb Code     0  startup_stm32f746xx.o(.text)
    EXTI0_IRQHandler                         0x0800034b   Thumb Code     0  startup_stm32f746xx.o(.text)
    EXTI1_IRQHandler                         0x0800034b   Thumb Code     0  startup_stm32f746xx.o(.text)
    EXTI2_IRQHandler                         0x0800034b   Thumb Code     0  startup_stm32f746xx.o(.text)
    EXTI3_IRQHandler                         0x0800034b   Thumb Code     0  startup_stm32f746xx.o(.text)
    EXTI4_IRQHandler                         0x0800034b   Thumb Code     0  startup_stm32f746xx.o(.text)
    EXTI9_5_IRQHandler                       0x0800034b   Thumb Code     0  startup_stm32f746xx.o(.text)
    FLASH_IRQHandler                         0x0800034b   Thumb Code     0  startup_stm32f746xx.o(.text)
    FMC_IRQHandler                           0x0800034b   Thumb Code     0  startup_stm32f746xx.o(.text)
    FPU_IRQHandler                           0x0800034b   Thumb Code     0  startup_stm32f746xx.o(.text)
    I2C1_ER_IRQHandler                       0x0800034b   Thumb Code     0  startup_stm32f746xx.o(.text)
    I2C1_EV_IRQHandler                       0x0800034b   Thumb Code     0  startup_stm32f746xx.o(.text)
    I2C2_ER_IRQHandler                       0x0800034b   Thumb Code     0  startup_stm32f746xx.o(.text)
    I2C2_EV_IRQHandler                       0x0800034b   Thumb Code     0  startup_stm32f746xx.o(.text)
    I2C3_ER_IRQHandler                       0x0800034b   Thumb Code     0  startup_stm32f746xx.o(.text)
    I2C3_EV_IRQHandler                       0x0800034b   Thumb Code     0  startup_stm32f746xx.o(.text)
    I2C4_ER_IRQHandler                       0x0800034b   Thumb Code     0  startup_stm32f746xx.o(.text)
    I2C4_EV_IRQHandler                       0x0800034b   Thumb Code     0  startup_stm32f746xx.o(.text)
    LPTIM1_IRQHandler                        0x0800034b   Thumb Code     0  startup_stm32f746xx.o(.text)
    LTDC_ER_IRQHandler                       0x0800034b   Thumb Code     0  startup_stm32f746xx.o(.text)
    LTDC_IRQHandler                          0x0800034b   Thumb Code     0  startup_stm32f746xx.o(.text)
    OTG_FS_IRQHandler                        0x0800034b   Thumb Code     0  startup_stm32f746xx.o(.text)
    OTG_FS_WKUP_IRQHandler                   0x0800034b   Thumb Code     0  startup_stm32f746xx.o(.text)
    OTG_HS_EP1_IN_IRQHandler                 0x0800034b   Thumb Code     0  startup_stm32f746xx.o(.text)
    OTG_HS_EP1_OUT_IRQHandler                0x0800034b   Thumb Code     0  startup_stm32f746xx.o(.text)
    OTG_HS_IRQHandler                        0x0800034b   Thumb Code     0  startup_stm32f746xx.o(.text)
    OTG_HS_WKUP_IRQHandler                   0x0800034b   Thumb Code     0  startup_stm32f746xx.o(.text)
    PVD_IRQHandler                           0x0800034b   Thumb Code     0  startup_stm32f746xx.o(.text)
    QUADSPI_IRQHandler                       0x0800034b   Thumb Code     0  startup_stm32f746xx.o(.text)
    RCC_IRQHandler                           0x0800034b   Thumb Code     0  startup_stm32f746xx.o(.text)
    RNG_IRQHandler                           0x0800034b   Thumb Code     0  startup_stm32f746xx.o(.text)
    RTC_Alarm_IRQHandler                     0x0800034b   Thumb Code     0  startup_stm32f746xx.o(.text)
    RTC_WKUP_IRQHandler                      0x0800034b   Thumb Code     0  startup_stm32f746xx.o(.text)
    SAI1_IRQHandler                          0x0800034b   Thumb Code     0  startup_stm32f746xx.o(.text)
    SAI2_IRQHandler                          0x0800034b   Thumb Code     0  startup_stm32f746xx.o(.text)
    SDMMC1_IRQHandler                        0x0800034b   Thumb Code     0  startup_stm32f746xx.o(.text)
    SPDIF_RX_IRQHandler                      0x0800034b   Thumb Code     0  startup_stm32f746xx.o(.text)
    SPI1_IRQHandler                          0x0800034b   Thumb Code     0  startup_stm32f746xx.o(.text)
    SPI2_IRQHandler                          0x0800034b   Thumb Code     0  startup_stm32f746xx.o(.text)
    SPI3_IRQHandler                          0x0800034b   Thumb Code     0  startup_stm32f746xx.o(.text)
    SPI4_IRQHandler                          0x0800034b   Thumb Code     0  startup_stm32f746xx.o(.text)
    SPI5_IRQHandler                          0x0800034b   Thumb Code     0  startup_stm32f746xx.o(.text)
    SPI6_IRQHandler                          0x0800034b   Thumb Code     0  startup_stm32f746xx.o(.text)
    TAMP_STAMP_IRQHandler                    0x0800034b   Thumb Code     0  startup_stm32f746xx.o(.text)
    TIM1_BRK_TIM9_IRQHandler                 0x0800034b   Thumb Code     0  startup_stm32f746xx.o(.text)
    TIM1_CC_IRQHandler                       0x0800034b   Thumb Code     0  startup_stm32f746xx.o(.text)
    TIM1_TRG_COM_TIM11_IRQHandler            0x0800034b   Thumb Code     0  startup_stm32f746xx.o(.text)
    TIM1_UP_TIM10_IRQHandler                 0x0800034b   Thumb Code     0  startup_stm32f746xx.o(.text)
    TIM2_IRQHandler                          0x0800034b   Thumb Code     0  startup_stm32f746xx.o(.text)
    TIM3_IRQHandler                          0x0800034b   Thumb Code     0  startup_stm32f746xx.o(.text)
    TIM5_IRQHandler                          0x0800034b   Thumb Code     0  startup_stm32f746xx.o(.text)
    TIM8_BRK_TIM12_IRQHandler                0x0800034b   Thumb Code     0  startup_stm32f746xx.o(.text)
    TIM8_CC_IRQHandler                       0x0800034b   Thumb Code     0  startup_stm32f746xx.o(.text)
    TIM8_TRG_COM_TIM14_IRQHandler            0x0800034b   Thumb Code     0  startup_stm32f746xx.o(.text)
    UART4_IRQHandler                         0x0800034b   Thumb Code     0  startup_stm32f746xx.o(.text)
    UART5_IRQHandler                         0x0800034b   Thumb Code     0  startup_stm32f746xx.o(.text)
    UART7_IRQHandler                         0x0800034b   Thumb Code     0  startup_stm32f746xx.o(.text)
    UART8_IRQHandler                         0x0800034b   Thumb Code     0  startup_stm32f746xx.o(.text)
    USART1_IRQHandler                        0x0800034b   Thumb Code     0  startup_stm32f746xx.o(.text)
    USART2_IRQHandler                        0x0800034b   Thumb Code     0  startup_stm32f746xx.o(.text)
    USART3_IRQHandler                        0x0800034b   Thumb Code     0  startup_stm32f746xx.o(.text)
    USART6_IRQHandler                        0x0800034b   Thumb Code     0  startup_stm32f746xx.o(.text)
    WWDG_IRQHandler                          0x0800034b   Thumb Code     0  startup_stm32f746xx.o(.text)
    __user_initial_stackheap                 0x0800034d   Thumb Code     0  startup_stm32f746xx.o(.text)
    printf                                   0x08000371   Thumb Code    20  printf.o(.text)
    strcmp                                   0x08000389   Thumb Code   124  strcmpv7m_pel.o(.text)
    __use_two_region_memory                  0x08000405   Thumb Code     2  heapauxi.o(.text)
    __rt_heap_escrow                         0x08000407   Thumb Code     2  heapauxi.o(.text)
    __rt_heap_expand                         0x08000409   Thumb Code     2  heapauxi.o(.text)
    _printf_pre_padding                      0x0800040b   Thumb Code    44  _printf_pad.o(.text)
    _printf_post_padding                     0x08000437   Thumb Code    34  _printf_pad.o(.text)
    _printf_truncate_signed                  0x08000459   Thumb Code    18  _printf_truncate.o(.text)
    _printf_truncate_unsigned                0x0800046b   Thumb Code    18  _printf_truncate.o(.text)
    _printf_str                              0x0800047d   Thumb Code    82  _printf_str.o(.text)
    _printf_int_dec                          0x080004d1   Thumb Code   104  _printf_dec.o(.text)
    _printf_charcount                        0x08000549   Thumb Code    40  _printf_charcount.o(.text)
    _printf_char_file                        0x08000571   Thumb Code    32  _printf_char_file.o(.text)
    _printf_wctomb                           0x08000595   Thumb Code   182  _printf_wctomb.o(.text)
    _printf_longlong_dec                     0x08000651   Thumb Code   108  _printf_longlong_dec.o(.text)
    _printf_longlong_oct                     0x080006cd   Thumb Code    68  _printf_oct_int_ll.o(.text)
    _printf_int_oct                          0x08000711   Thumb Code    24  _printf_oct_int_ll.o(.text)
    _printf_ll_oct                           0x08000729   Thumb Code    12  _printf_oct_int_ll.o(.text)
    _printf_longlong_hex                     0x0800073d   Thumb Code    86  _printf_hex_int_ll_ptr.o(.text)
    _printf_int_hex                          0x08000793   Thumb Code    28  _printf_hex_int_ll_ptr.o(.text)
    _printf_ll_hex                           0x080007af   Thumb Code    12  _printf_hex_int_ll_ptr.o(.text)
    _printf_hex_ptr                          0x080007bb   Thumb Code    18  _printf_hex_int_ll_ptr.o(.text)
    __printf                                 0x080007d1   Thumb Code   388  __printf_flags_ss_wp.o(.text)
    _ll_udiv10                               0x08000959   Thumb Code   138  lludiv10.o(.text)
    _printf_int_common                       0x080009e3   Thumb Code   178  _printf_intcommon.o(.text)
    _printf_fp_dec_real                      0x08000c45   Thumb Code   620  _printf_fp_dec.o(.text)
    _printf_fp_hex_real                      0x08000eb1   Thumb Code   756  _printf_fp_hex.o(.text)
    _printf_char_common                      0x080011b7   Thumb Code    32  _printf_char_common.o(.text)
    _printf_cs_common                        0x080011dd   Thumb Code    20  _printf_char.o(.text)
    _printf_char                             0x080011f1   Thumb Code    16  _printf_char.o(.text)
    _printf_string                           0x08001201   Thumb Code     8  _printf_char.o(.text)
    _printf_lcs_common                       0x08001209   Thumb Code    20  _printf_wchar.o(.text)
    _printf_wchar                            0x0800121d   Thumb Code    16  _printf_wchar.o(.text)
    _printf_wstring                          0x0800122d   Thumb Code     8  _printf_wchar.o(.text)
    ferror                                   0x08001235   Thumb Code     8  ferror.o(.text)
    _initio                                  0x0800123d   Thumb Code   210  initio.o(.text)
    _terminateio                             0x0800130f   Thumb Code    56  initio.o(.text)
    _c16rtomb                                0x08001375   Thumb Code    72  _c16rtomb.o(.text)
    _wcrtomb                                 0x08001375   Thumb Code     0  _c16rtomb.o(.text)
    __user_setup_stackheap                   0x080013bd   Thumb Code    74  sys_stackheap_outer.o(.text)
    __rt_ctype_table                         0x08001409   Thumb Code    16  rt_ctype_table.o(.text)
    __rt_locale                              0x08001419   Thumb Code     8  rt_locale_intlibspace.o(.text)
    free                                     0x08001421   Thumb Code    78  h1_free.o(.text)
    _printf_fp_infnan                        0x08001471   Thumb Code   112  _printf_fp_infnan.o(.text)
    _btod_etento                             0x080014f1   Thumb Code   224  bigflt0.o(.text)
    setvbuf                                  0x080015d5   Thumb Code    70  setvbuf.o(.text)
    freopen                                  0x0800161d   Thumb Code   160  fopen.o(.text)
    fopen                                    0x080016bd   Thumb Code    74  fopen.o(.text)
    _fclose_internal                         0x0800170d   Thumb Code    76  fclose.o(.text)
    fclose                                   0x0800170d   Thumb Code     0  fclose.o(.text)
    exit                                     0x08001759   Thumb Code    18  exit.o(.text)
    __rt_SIGRTRED                            0x0800176b   Thumb Code    14  defsig_rtred_outer.o(.text)
    __aeabi_memclr4                          0x08001779   Thumb Code     0  rt_memclr_w.o(.text)
    __aeabi_memclr8                          0x08001779   Thumb Code     0  rt_memclr_w.o(.text)
    __rt_memclr_w                            0x08001779   Thumb Code    78  rt_memclr_w.o(.text)
    _memset_w                                0x0800177d   Thumb Code     0  rt_memclr_w.o(.text)
    __user_libspace                          0x080017c9   Thumb Code     8  libspace.o(.text)
    __user_perproc_libspace                  0x080017c9   Thumb Code     0  libspace.o(.text)
    __user_perthread_libspace                0x080017c9   Thumb Code     0  libspace.o(.text)
    __rt_heap_descriptor                     0x080017d1   Thumb Code     8  rt_heap_descriptor_intlibspace.o(.text)
    __use_no_heap                            0x080017d9   Thumb Code     2  hguard.o(.text)
    __heap$guard                             0x080017db   Thumb Code     2  hguard.o(.text)
    _terminate_user_alloc                    0x080017dd   Thumb Code     2  init_alloc.o(.text)
    _init_user_alloc                         0x080017df   Thumb Code     2  init_alloc.o(.text)
    __Heap_Full                              0x080017e1   Thumb Code    34  init_alloc.o(.text)
    __Heap_Broken                            0x08001803   Thumb Code     6  init_alloc.o(.text)
    _init_alloc                              0x08001809   Thumb Code    94  init_alloc.o(.text)
    malloc                                   0x08001867   Thumb Code    94  h1_alloc.o(.text)
    _fseek                                   0x080018c5   Thumb Code   242  fseek.o(.text)
    fseek                                    0x080018c5   Thumb Code     0  fseek.o(.text)
    _seterr                                  0x080019bd   Thumb Code    20  stdio.o(.text)
    _writebuf                                0x080019d1   Thumb Code    84  stdio.o(.text)
    _fflush                                  0x08001a25   Thumb Code    70  stdio.o(.text)
    _deferredlazyseek                        0x08001a6b   Thumb Code    60  stdio.o(.text)
    __sig_exit                               0x08001aad   Thumb Code    10  defsig_exit.o(.text)
    __rt_SIGRTRED_inner                      0x08001ab9   Thumb Code    14  defsig_rtred_inner.o(.text)
    _sys_exit                                0x08001aed   Thumb Code     8  sys_exit.o(.text)
    __Heap_Initialize                        0x08001af9   Thumb Code    10  h1_init.o(.text)
    _maybe_terminate_alloc                   0x08001af9   Thumb Code     0  maybetermalloc1.o(.text)
    __Heap_DescSize                          0x08001b03   Thumb Code     4  h1_init.o(.text)
    __Heap_ProvideMemory                     0x08001b07   Thumb Code    52  h1_extend.o(.text)
    _ftell_internal                          0x08001b3b   Thumb Code    66  ftell.o(.text)
    ftell                                    0x08001b3b   Thumb Code     0  ftell.o(.text)
    __default_signal_display                 0x08001b7d   Thumb Code    50  defsig_general.o(.text)
    __rt_SIGRTMEM                            0x08001baf   Thumb Code    14  defsig_rtmem_outer.o(.text)
    __ARM_get_argv                           0x08001bbd   Thumb Code   264  _get_argv.o(.text)
    _ttywrch                                 0x08001cc5   Thumb Code    14  sys_wrch.o(.text)
    _sys_command_string                      0x08001cd3   Thumb Code    24  sys_command.o(.text)
    __I$use$semihosting                      0x08001ceb   Thumb Code     0  use_no_semi.o(.text)
    __use_no_semihosting_swi                 0x08001ceb   Thumb Code     2  use_no_semi.o(.text)
    __aeabi_errno_addr                       0x08001ced   Thumb Code     8  rt_errno_addr_intlibspace.o(.text)
    __errno$intlibspace                      0x08001ced   Thumb Code     0  rt_errno_addr_intlibspace.o(.text)
    __rt_errno_addr$intlibspace              0x08001ced   Thumb Code     0  rt_errno_addr_intlibspace.o(.text)
    __semihosting_library_function           0x08001ced   Thumb Code     0  indicate_semi.o(.text)
    __use_no_heap_region                     0x08001cf5   Thumb Code     2  hrguard.o(.text)
    __heap_region$guard                      0x08001cf7   Thumb Code     2  hrguard.o(.text)
    __rt_SIGRTMEM_inner                      0x08001cf9   Thumb Code    22  defsig_rtmem_inner.o(.text)
    EXTI15_10_IRQHandler                     0x08001d49   Thumb Code    66  main.o(.text.EXTI15_10_IRQHandler)
    ITM_SendChar                             0x08001e31   Thumb Code    72  retarget_io.o(.text.ITM_SendChar)
    SystemInit                               0x08001e79   Thumb Code    32  system_stm32f7xx.o(.text.SystemInit)
    TIM4_IRQHandler                          0x08001e99   Thumb Code   276  main.o(.text.TIM4_IRQHandler)
    TIM6_DAC_IRQHandler                      0x08001fb1   Thumb Code    78  main.o(.text.TIM6_DAC_IRQHandler)
    TIM7_IRQHandler                          0x08002001   Thumb Code    46  main.o(.text.TIM7_IRQHandler)
    TIM8_UP_TIM13_IRQHandler                 0x08002031   Thumb Code    70  main.o(.text.TIM8_UP_TIM13_IRQHandler)
    _sys_close                               0x080025a9   Thumb Code    74  retarget_io.o(.text._sys_close)
    _sys_flen                                0x080025f9   Thumb Code    72  retarget_io.o(.text._sys_flen)
    _sys_istty                               0x08002641   Thumb Code    72  retarget_io.o(.text._sys_istty)
    _sys_open                                0x08002689   Thumb Code   140  retarget_io.o(.text._sys_open)
    _sys_seek                                0x08002719   Thumb Code    82  retarget_io.o(.text._sys_seek)
    _sys_write                               0x08002771   Thumb Code   156  retarget_io.o(.text._sys_write)
    fputc                                    0x08002bf1   Thumb Code    20  main.o(.text.fputc)
    main                                     0x08002c09   Thumb Code  1020  main.o(.text.main)
    _btod_d2e                                0x08003251   Thumb Code    62  btod.o(CL$$btod_d2e)
    _d2e_denorm_low                          0x0800328f   Thumb Code    70  btod.o(CL$$btod_d2e_denorm_low)
    _d2e_norm_op1                            0x080032d5   Thumb Code    96  btod.o(CL$$btod_d2e_norm_op1)
    __btod_div_common                        0x08003335   Thumb Code   696  btod.o(CL$$btod_div_common)
    _e2e                                     0x0800366d   Thumb Code   220  btod.o(CL$$btod_e2e)
    _btod_ediv                               0x08003749   Thumb Code    42  btod.o(CL$$btod_ediv)
    _btod_emul                               0x08003773   Thumb Code    42  btod.o(CL$$btod_emul)
    __btod_mult_common                       0x0800379d   Thumb Code   580  btod.o(CL$$btod_mult_common)
    __ARM_fpclassify                         0x080039e1   Thumb Code    48  fpclassify.o(i.__ARM_fpclassify)
    _is_digit                                0x08003a11   Thumb Code    14  __printf_wp.o(i._is_digit)
    _get_lc_numeric                          0x08003a21   Thumb Code    44  lc_numeric_c.o(locale$$code)
    _get_lc_ctype                            0x08003a4d   Thumb Code    44  lc_ctype_c.o(locale$$code)
    __fpl_dretinf                            0x08003a79   Thumb Code    12  dretinf.o(x$fpl$dretinf)
    __aeabi_f2d                              0x08003a85   Thumb Code     0  f2d.o(x$fpl$f2d)
    _f2d                                     0x08003a85   Thumb Code    86  f2d.o(x$fpl$f2d)
    __fpl_fnaninf                            0x08003adb   Thumb Code   140  fnaninf.o(x$fpl$fnaninf)
    _fp_init                                 0x08003b67   Thumb Code    26  fpinit.o(x$fpl$fpinit)
    __fplib_config_fpu_vfp                   0x08003b7f   Thumb Code     0  fpinit.o(x$fpl$fpinit)
    __fplib_config_pureend_doubles           0x08003b7f   Thumb Code     0  fpinit.o(x$fpl$fpinit)
    _printf_fp_dec                           0x08003b81   Thumb Code     4  printf1.o(x$fpl$printf1)
    _printf_fp_hex                           0x08003b85   Thumb Code     4  printf2.o(x$fpl$printf2)
    __I$use$fp                               0x08003b88   Number         0  usenofp.o(x$fpl$usenofp)
    __stderr_name                            0x08003c84   Data           8  retarget_io.o(.rodata.__stderr_name)
    __stdin_name                             0x08003c8c   Data           7  retarget_io.o(.rodata.__stdin_name)
    __stdout_name                            0x08003c93   Data           8  retarget_io.o(.rodata.__stdout_name)
    Region$$Table$$Base                      0x08003d78   Number         0  anon$$obj.o(Region$$Table)
    Region$$Table$$Limit                     0x08003d98   Number         0  anon$$obj.o(Region$$Table)
    __ctype                                  0x08003dc1   Data           0  lc_ctype_c.o(locale$$data)
    __aeabi_stdin                            0x20010000   Data           4  stdio_streams.o(.data)
    __aeabi_stdout                           0x20010004   Data           4  stdio_streams.o(.data)
    __aeabi_stderr                           0x20010008   Data           4  stdio_streams.o(.data)
    __stdin                                  0x20010018   Data          84  stdio_streams.o(.bss)
    __stdout                                 0x2001006c   Data          84  stdio_streams.o(.bss)
    __stderr                                 0x200100c0   Data          84  stdio_streams.o(.bss)
    __libspace_start                         0x20010114   Data          96  libspace.o(.bss)
    __temporary_stack_top$libspace           0x20010174   Data           0  libspace.o(.bss)



==============================================================================

Memory Map of the image

  Image Entry point : 0x08000331

  Load Region LR_1 (Base: 0x08000000, Size: 0x00003ed8, Max: 0xffffffff, ABSOLUTE)

    Execution Region ER_RO (Exec base: 0x08000000, Load base: 0x08000000, Size: 0x00003ec4, Max: 0xffffffff, ABSOLUTE)

    Exec Addr    Load Addr    Size         Type   Attr      Idx    E Section Name        Object

    0x08000000   0x08000000   0x000001c8   Data   RO          119    RESET               startup_stm32f746xx.o
    0x080001c8   0x080001c8   0x00000008   Code   RO          148  * !!!main             c_w.l(__main.o)
    0x080001d0   0x080001d0   0x00000034   Code   RO          635    !!!scatter          c_w.l(__scatter.o)
    0x08000204   0x08000204   0x0000001a   Code   RO          637    !!handler_copy      c_w.l(__scatter_copy.o)
    0x0800021e   0x0800021e   0x00000002   PAD
    0x08000220   0x08000220   0x0000001c   Code   RO          639    !!handler_zi        c_w.l(__scatter_zi.o)
    0x0800023c   0x0800023c   0x00000000   Code   RO          232    .ARM.Collect$$_printf_percent$$00000000  c_w.l(_printf_percent.o)
    0x0800023c   0x0800023c   0x00000006   Code   RO          221    .ARM.Collect$$_printf_percent$$00000001  c_w.l(_printf_n.o)
    0x08000242   0x08000242   0x00000006   Code   RO          223    .ARM.Collect$$_printf_percent$$00000002  c_w.l(_printf_p.o)
    0x08000248   0x08000248   0x00000006   Code   RO          228    .ARM.Collect$$_printf_percent$$00000003  c_w.l(_printf_f.o)
    0x0800024e   0x0800024e   0x00000006   Code   RO          229    .ARM.Collect$$_printf_percent$$00000004  c_w.l(_printf_e.o)
    0x08000254   0x08000254   0x00000006   Code   RO          230    .ARM.Collect$$_printf_percent$$00000005  c_w.l(_printf_g.o)
    0x0800025a   0x0800025a   0x00000006   Code   RO          231    .ARM.Collect$$_printf_percent$$00000006  c_w.l(_printf_a.o)
    0x08000260   0x08000260   0x0000000a   Code   RO          236    .ARM.Collect$$_printf_percent$$00000007  c_w.l(_printf_ll.o)
    0x0800026a   0x0800026a   0x00000006   Code   RO          225    .ARM.Collect$$_printf_percent$$00000008  c_w.l(_printf_i.o)
    0x08000270   0x08000270   0x00000006   Code   RO          226    .ARM.Collect$$_printf_percent$$00000009  c_w.l(_printf_d.o)
    0x08000276   0x08000276   0x00000006   Code   RO          227    .ARM.Collect$$_printf_percent$$0000000A  c_w.l(_printf_u.o)
    0x0800027c   0x0800027c   0x00000006   Code   RO          224    .ARM.Collect$$_printf_percent$$0000000B  c_w.l(_printf_o.o)
    0x08000282   0x08000282   0x00000006   Code   RO          222    .ARM.Collect$$_printf_percent$$0000000C  c_w.l(_printf_x.o)
    0x08000288   0x08000288   0x00000006   Code   RO          233    .ARM.Collect$$_printf_percent$$0000000D  c_w.l(_printf_lli.o)
    0x0800028e   0x0800028e   0x00000006   Code   RO          234    .ARM.Collect$$_printf_percent$$0000000E  c_w.l(_printf_lld.o)
    0x08000294   0x08000294   0x00000006   Code   RO          235    .ARM.Collect$$_printf_percent$$0000000F  c_w.l(_printf_llu.o)
    0x0800029a   0x0800029a   0x00000006   Code   RO          240    .ARM.Collect$$_printf_percent$$00000010  c_w.l(_printf_llo.o)
    0x080002a0   0x080002a0   0x00000006   Code   RO          241    .ARM.Collect$$_printf_percent$$00000011  c_w.l(_printf_llx.o)
    0x080002a6   0x080002a6   0x0000000a   Code   RO          237    .ARM.Collect$$_printf_percent$$00000012  c_w.l(_printf_l.o)
    0x080002b0   0x080002b0   0x00000006   Code   RO          219    .ARM.Collect$$_printf_percent$$00000013  c_w.l(_printf_c.o)
    0x080002b6   0x080002b6   0x00000006   Code   RO          220    .ARM.Collect$$_printf_percent$$00000014  c_w.l(_printf_s.o)
    0x080002bc   0x080002bc   0x00000006   Code   RO          238    .ARM.Collect$$_printf_percent$$00000015  c_w.l(_printf_lc.o)
    0x080002c2   0x080002c2   0x00000006   Code   RO          239    .ARM.Collect$$_printf_percent$$00000016  c_w.l(_printf_ls.o)
    0x080002c8   0x080002c8   0x00000004   Code   RO          293    .ARM.Collect$$_printf_percent$$00000017  c_w.l(_printf_percent_end.o)
    0x080002cc   0x080002cc   0x00000002   Code   RO          429    .ARM.Collect$$libinit$$00000000  c_w.l(libinit.o)
    0x080002ce   0x080002ce   0x00000004   Code   RO          430    .ARM.Collect$$libinit$$00000001  c_w.l(libinit2.o)
    0x080002d2   0x080002d2   0x00000000   Code   RO          433    .ARM.Collect$$libinit$$00000004  c_w.l(libinit2.o)
    0x080002d2   0x080002d2   0x00000008   Code   RO          434    .ARM.Collect$$libinit$$00000005  c_w.l(libinit2.o)
    0x080002da   0x080002da   0x00000000   Code   RO          436    .ARM.Collect$$libinit$$0000000A  c_w.l(libinit2.o)
    0x080002da   0x080002da   0x00000000   Code   RO          438    .ARM.Collect$$libinit$$0000000C  c_w.l(libinit2.o)
    0x080002da   0x080002da   0x00000000   Code   RO          440    .ARM.Collect$$libinit$$0000000E  c_w.l(libinit2.o)
    0x080002da   0x080002da   0x00000006   Code   RO          441    .ARM.Collect$$libinit$$0000000F  c_w.l(libinit2.o)
    0x080002e0   0x080002e0   0x00000000   Code   RO          443    .ARM.Collect$$libinit$$00000011  c_w.l(libinit2.o)
    0x080002e0   0x080002e0   0x0000000c   Code   RO          444    .ARM.Collect$$libinit$$00000012  c_w.l(libinit2.o)
    0x080002ec   0x080002ec   0x00000000   Code   RO          445    .ARM.Collect$$libinit$$00000013  c_w.l(libinit2.o)
    0x080002ec   0x080002ec   0x00000000   Code   RO          447    .ARM.Collect$$libinit$$00000015  c_w.l(libinit2.o)
    0x080002ec   0x080002ec   0x0000000a   Code   RO          448    .ARM.Collect$$libinit$$00000016  c_w.l(libinit2.o)
    0x080002f6   0x080002f6   0x00000000   Code   RO          449    .ARM.Collect$$libinit$$00000017  c_w.l(libinit2.o)
    0x080002f6   0x080002f6   0x00000000   Code   RO          451    .ARM.Collect$$libinit$$00000019  c_w.l(libinit2.o)
    0x080002f6   0x080002f6   0x00000000   Code   RO          453    .ARM.Collect$$libinit$$0000001B  c_w.l(libinit2.o)
    0x080002f6   0x080002f6   0x00000000   Code   RO          455    .ARM.Collect$$libinit$$0000001D  c_w.l(libinit2.o)
    0x080002f6   0x080002f6   0x00000000   Code   RO          457    .ARM.Collect$$libinit$$0000001F  c_w.l(libinit2.o)
    0x080002f6   0x080002f6   0x00000000   Code   RO          459    .ARM.Collect$$libinit$$00000021  c_w.l(libinit2.o)
    0x080002f6   0x080002f6   0x00000000   Code   RO          461    .ARM.Collect$$libinit$$00000023  c_w.l(libinit2.o)
    0x080002f6   0x080002f6   0x00000004   Code   RO          462    .ARM.Collect$$libinit$$00000024  c_w.l(libinit2.o)
    0x080002fa   0x080002fa   0x00000000   Code   RO          463    .ARM.Collect$$libinit$$00000025  c_w.l(libinit2.o)
    0x080002fa   0x080002fa   0x00000008   Code   RO          464    .ARM.Collect$$libinit$$00000026  c_w.l(libinit2.o)
    0x08000302   0x08000302   0x00000000   Code   RO          469    .ARM.Collect$$libinit$$0000002E  c_w.l(libinit2.o)
    0x08000302   0x08000302   0x00000000   Code   RO          471    .ARM.Collect$$libinit$$00000030  c_w.l(libinit2.o)
    0x08000302   0x08000302   0x00000000   Code   RO          473    .ARM.Collect$$libinit$$00000032  c_w.l(libinit2.o)
    0x08000302   0x08000302   0x00000002   Code   RO          474    .ARM.Collect$$libinit$$00000033  c_w.l(libinit2.o)
    0x08000304   0x08000304   0x00000002   Code   RO          614    .ARM.Collect$$libshutdown$$00000000  c_w.l(libshutdown.o)
    0x08000306   0x08000306   0x00000000   Code   RO          476    .ARM.Collect$$libshutdown$$00000002  c_w.l(libshutdown2.o)
    0x08000306   0x08000306   0x00000004   Code   RO          477    .ARM.Collect$$libshutdown$$00000003  c_w.l(libshutdown2.o)
    0x0800030a   0x0800030a   0x00000000   Code   RO          478    .ARM.Collect$$libshutdown$$00000004  c_w.l(libshutdown2.o)
    0x0800030a   0x0800030a   0x00000000   Code   RO          481    .ARM.Collect$$libshutdown$$00000007  c_w.l(libshutdown2.o)
    0x0800030a   0x0800030a   0x00000000   Code   RO          484    .ARM.Collect$$libshutdown$$0000000A  c_w.l(libshutdown2.o)
    0x0800030a   0x0800030a   0x00000000   Code   RO          486    .ARM.Collect$$libshutdown$$0000000C  c_w.l(libshutdown2.o)
    0x0800030a   0x0800030a   0x00000000   Code   RO          489    .ARM.Collect$$libshutdown$$0000000F  c_w.l(libshutdown2.o)
    0x0800030a   0x0800030a   0x00000002   Code   RO          490    .ARM.Collect$$libshutdown$$00000010  c_w.l(libshutdown2.o)
    0x0800030c   0x0800030c   0x00000000   Code   RO          152    .ARM.Collect$$rtentry$$00000000  c_w.l(__rtentry.o)
    0x0800030c   0x0800030c   0x00000000   Code   RO          262    .ARM.Collect$$rtentry$$00000002  c_w.l(__rtentry2.o)
    0x0800030c   0x0800030c   0x00000006   Code   RO          274    .ARM.Collect$$rtentry$$00000004  c_w.l(__rtentry4.o)
    0x08000312   0x08000312   0x00000000   Code   RO          264    .ARM.Collect$$rtentry$$00000009  c_w.l(__rtentry2.o)
    0x08000312   0x08000312   0x00000004   Code   RO          265    .ARM.Collect$$rtentry$$0000000A  c_w.l(__rtentry2.o)
    0x08000316   0x08000316   0x00000000   Code   RO          267    .ARM.Collect$$rtentry$$0000000C  c_w.l(__rtentry2.o)
    0x08000316   0x08000316   0x00000008   Code   RO          268    .ARM.Collect$$rtentry$$0000000D  c_w.l(__rtentry2.o)
    0x0800031e   0x0800031e   0x00000002   Code   RO          498    .ARM.Collect$$rtexit$$00000000  c_w.l(rtexit.o)
    0x08000320   0x08000320   0x00000000   Code   RO          551    .ARM.Collect$$rtexit$$00000002  c_w.l(rtexit2.o)
    0x08000320   0x08000320   0x00000004   Code   RO          552    .ARM.Collect$$rtexit$$00000003  c_w.l(rtexit2.o)
    0x08000324   0x08000324   0x00000006   Code   RO          553    .ARM.Collect$$rtexit$$00000004  c_w.l(rtexit2.o)
    0x0800032a   0x0800032a   0x00000002   PAD
    0x0800032c   0x0800032c   0x00000004   Code   RO          542    .emb_text           c_w.l(argv_veneer.o)
    0x08000330   0x08000330   0x00000040   Code   RO          120  * .text               startup_stm32f746xx.o
    0x08000370   0x08000370   0x00000018   Code   RO          142    .text               c_w.l(printf.o)
    0x08000388   0x08000388   0x0000007c   Code   RO          144    .text               c_w.l(strcmpv7m_pel.o)
    0x08000404   0x08000404   0x00000006   Code   RO          146    .text               c_w.l(heapauxi.o)
    0x0800040a   0x0800040a   0x0000004e   Code   RO          155    .text               c_w.l(_printf_pad.o)
    0x08000458   0x08000458   0x00000024   Code   RO          157    .text               c_w.l(_printf_truncate.o)
    0x0800047c   0x0800047c   0x00000052   Code   RO          159    .text               c_w.l(_printf_str.o)
    0x080004ce   0x080004ce   0x00000002   PAD
    0x080004d0   0x080004d0   0x00000078   Code   RO          161    .text               c_w.l(_printf_dec.o)
    0x08000548   0x08000548   0x00000028   Code   RO          163    .text               c_w.l(_printf_charcount.o)
    0x08000570   0x08000570   0x00000024   Code   RO          165    .text               c_w.l(_printf_char_file.o)
    0x08000594   0x08000594   0x000000bc   Code   RO          167    .text               c_w.l(_printf_wctomb.o)
    0x08000650   0x08000650   0x0000007c   Code   RO          170    .text               c_w.l(_printf_longlong_dec.o)
    0x080006cc   0x080006cc   0x00000070   Code   RO          176    .text               c_w.l(_printf_oct_int_ll.o)
    0x0800073c   0x0800073c   0x00000094   Code   RO          196    .text               c_w.l(_printf_hex_int_ll_ptr.o)
    0x080007d0   0x080007d0   0x00000188   Code   RO          216    .text               c_w.l(__printf_flags_ss_wp.o)
    0x08000958   0x08000958   0x0000008a   Code   RO          276    .text               c_w.l(lludiv10.o)
    0x080009e2   0x080009e2   0x000000b2   Code   RO          278    .text               c_w.l(_printf_intcommon.o)
    0x08000a94   0x08000a94   0x0000041c   Code   RO          280    .text               c_w.l(_printf_fp_dec.o)
    0x08000eb0   0x08000eb0   0x000002fc   Code   RO          284    .text               c_w.l(_printf_fp_hex.o)
    0x080011ac   0x080011ac   0x00000030   Code   RO          287    .text               c_w.l(_printf_char_common.o)
    0x080011dc   0x080011dc   0x0000002c   Code   RO          289    .text               c_w.l(_printf_char.o)
    0x08001208   0x08001208   0x0000002c   Code   RO          291    .text               c_w.l(_printf_wchar.o)
    0x08001234   0x08001234   0x00000008   Code   RO          294    .text               c_w.l(ferror.o)
    0x0800123c   0x0800123c   0x00000138   Code   RO          296    .text               c_w.l(initio.o)
    0x08001374   0x08001374   0x00000048   Code   RO          302    .text               c_w.l(_c16rtomb.o)
    0x080013bc   0x080013bc   0x0000004a   Code   RO          306    .text               c_w.l(sys_stackheap_outer.o)
    0x08001406   0x08001406   0x00000002   PAD
    0x08001408   0x08001408   0x00000010   Code   RO          308    .text               c_w.l(rt_ctype_table.o)
    0x08001418   0x08001418   0x00000008   Code   RO          313    .text               c_w.l(rt_locale_intlibspace.o)
    0x08001420   0x08001420   0x0000004e   Code   RO          317    .text               c_w.l(h1_free.o)
    0x0800146e   0x0800146e   0x00000002   PAD
    0x08001470   0x08001470   0x00000080   Code   RO          371    .text               c_w.l(_printf_fp_infnan.o)
    0x080014f0   0x080014f0   0x000000e4   Code   RO          375    .text               c_w.l(bigflt0.o)
    0x080015d4   0x080015d4   0x00000046   Code   RO          402    .text               c_w.l(setvbuf.o)
    0x0800161a   0x0800161a   0x00000002   PAD
    0x0800161c   0x0800161c   0x000000f0   Code   RO          405    .text               c_w.l(fopen.o)
    0x0800170c   0x0800170c   0x0000004c   Code   RO          407    .text               c_w.l(fclose.o)
    0x08001758   0x08001758   0x00000012   Code   RO          416    .text               c_w.l(exit.o)
    0x0800176a   0x0800176a   0x0000000e   Code   RO          418    .text               c_w.l(defsig_rtred_outer.o)
    0x08001778   0x08001778   0x0000004e   Code   RO          422    .text               c_w.l(rt_memclr_w.o)
    0x080017c6   0x080017c6   0x00000002   PAD
    0x080017c8   0x080017c8   0x00000008   Code   RO          495    .text               c_w.l(libspace.o)
    0x080017d0   0x080017d0   0x00000008   Code   RO          505    .text               c_w.l(rt_heap_descriptor_intlibspace.o)
    0x080017d8   0x080017d8   0x00000004   Code   RO          507    .text               c_w.l(hguard.o)
    0x080017dc   0x080017dc   0x0000008a   Code   RO          509    .text               c_w.l(init_alloc.o)
    0x08001866   0x08001866   0x0000005e   Code   RO          515    .text               c_w.l(h1_alloc.o)
    0x080018c4   0x080018c4   0x000000f8   Code   RO          529    .text               c_w.l(fseek.o)
    0x080019bc   0x080019bc   0x000000f0   Code   RO          531    .text               c_w.l(stdio.o)
    0x08001aac   0x08001aac   0x0000000a   Code   RO          536    .text               c_w.l(defsig_exit.o)
    0x08001ab6   0x08001ab6   0x00000002   PAD
    0x08001ab8   0x08001ab8   0x00000034   Code   RO          538    .text               c_w.l(defsig_rtred_inner.o)
    0x08001aec   0x08001aec   0x0000000c   Code   RO          546    .text               c_w.l(sys_exit.o)
    0x08001af8   0x08001af8   0x00000000   Code   RO          557    .text               c_w.l(maybetermalloc1.o)
    0x08001af8   0x08001af8   0x0000000e   Code   RO          559    .text               c_w.l(h1_init.o)
    0x08001b06   0x08001b06   0x00000034   Code   RO          561    .text               c_w.l(h1_extend.o)
    0x08001b3a   0x08001b3a   0x00000042   Code   RO          569    .text               c_w.l(ftell.o)
    0x08001b7c   0x08001b7c   0x00000032   Code   RO          573    .text               c_w.l(defsig_general.o)
    0x08001bae   0x08001bae   0x0000000e   Code   RO          575    .text               c_w.l(defsig_rtmem_outer.o)
    0x08001bbc   0x08001bbc   0x00000108   Code   RO          582    .text               c_w.l(_get_argv.o)
    0x08001cc4   0x08001cc4   0x0000000e   Code   RO          588    .text               c_w.l(sys_wrch.o)
    0x08001cd2   0x08001cd2   0x00000018   Code   RO          590    .text               c_w.l(sys_command.o)
    0x08001cea   0x08001cea   0x00000002   Code   RO          596    .text               c_w.l(use_no_semi.o)
    0x08001cec   0x08001cec   0x00000000   Code   RO          598    .text               c_w.l(indicate_semi.o)
    0x08001cec   0x08001cec   0x00000008   Code   RO          602    .text               c_w.l(rt_errno_addr_intlibspace.o)
    0x08001cf4   0x08001cf4   0x00000004   Code   RO          604    .text               c_w.l(hrguard.o)
    0x08001cf8   0x08001cf8   0x00000050   Code   RO          608    .text               c_w.l(defsig_rtmem_inner.o)
    0x08001d48   0x08001d48   0x00000042   Code   RO           44    .text.EXTI15_10_IRQHandler  main.o
    0x08001d8a   0x08001d8a   0x00000006   PAD
    0x08001d90   0x08001d90   0x0000005e   Code   RO            6    .text.GPIOinit      main.o
    0x08001dee   0x08001dee   0x00000002   PAD
    0x08001df0   0x08001df0   0x0000003c   Code   RO            8    .text.I2Cinit       main.o
    0x08001e2c   0x08001e2c   0x00000004   PAD
    0x08001e30   0x08001e30   0x00000048   Code   RO           82    .text.ITM_SendChar  retarget_io.o
    0x08001e78   0x08001e78   0x00000020   Code   RO          127    .text.SystemInit    system_stm32f7xx.o
    0x08001e98   0x08001e98   0x00000114   Code   RO           42    .text.TIM4_IRQHandler  main.o
    0x08001fac   0x08001fac   0x00000004   PAD
    0x08001fb0   0x08001fb0   0x0000004e   Code   RO           36    .text.TIM6_DAC_IRQHandler  main.o
    0x08001ffe   0x08001ffe   0x00000002   PAD
    0x08002000   0x08002000   0x0000002e   Code   RO           34    .text.TIM7_IRQHandler  main.o
    0x0800202e   0x0800202e   0x00000002   PAD
    0x08002030   0x08002030   0x00000046   Code   RO           46    .text.TIM8_UP_TIM13_IRQHandler  main.o
    0x08002076   0x08002076   0x00000002   PAD
    0x08002078   0x08002078   0x000000ae   Code   RO           14    .text.Timer1Init    main.o
    0x08002126   0x08002126   0x00000002   PAD
    0x08002128   0x08002128   0x000000fa   Code   RO           18    .text.Timer25ROPMInit  main.o
    0x08002222   0x08002222   0x00000006   PAD
    0x08002228   0x08002228   0x0000013a   Code   RO           20    .text.Timer34EchoInit  main.o
    0x08002362   0x08002362   0x00000006   PAD
    0x08002368   0x08002368   0x00000060   Code   RO           12    .text.Timer6Init    main.o
    0x080023c8   0x080023c8   0x00000080   Code   RO           10    .text.Timer7Init    main.o
    0x08002448   0x08002448   0x00000080   Code   RO           16    .text.USART3Init    main.o
    0x080024c8   0x080024c8   0x00000064   Code   RO           32    .text.USART3Transmit  main.o
    0x0800252c   0x0800252c   0x00000004   PAD
    0x08002530   0x08002530   0x0000003c   Code   RO           40    .text.__NVIC_DisableIRQ  main.o
    0x0800256c   0x0800256c   0x00000004   PAD
    0x08002570   0x08002570   0x00000034   Code   RO           48    .text.__NVIC_EnableIRQ  main.o
    0x080025a4   0x080025a4   0x00000004   PAD
    0x080025a8   0x080025a8   0x0000004a   Code   RO           88    .text._sys_close    retarget_io.o
    0x080025f2   0x080025f2   0x00000006   PAD
    0x080025f8   0x080025f8   0x00000048   Code   RO          104    .text._sys_flen     retarget_io.o
    0x08002640   0x08002640   0x00000048   Code   RO          100    .text._sys_istty    retarget_io.o
    0x08002688   0x08002688   0x0000008c   Code   RO           86    .text._sys_open     retarget_io.o
    0x08002714   0x08002714   0x00000004   PAD
    0x08002718   0x08002718   0x00000052   Code   RO          102    .text._sys_seek     retarget_io.o
    0x0800276a   0x0800276a   0x00000006   PAD
    0x08002770   0x08002770   0x0000009c   Code   RO           90    .text._sys_write    retarget_io.o
    0x0800280c   0x0800280c   0x00000004   PAD
    0x08002810   0x08002810   0x000000c8   Code   RO           22    .text.buttonTim13Init  main.o
    0x080028d8   0x080028d8   0x000000c2   Code   RO           28    .text.calcSoS       main.o
    0x0800299a   0x0800299a   0x00000006   PAD
    0x080029a0   0x080029a0   0x000000e8   Code   RO            4    .text.clkConfig     main.o
    0x08002a88   0x08002a88   0x00000166   Code   RO           38    .text.configSensor  main.o
    0x08002bee   0x08002bee   0x00000002   PAD
    0x08002bf0   0x08002bf0   0x00000014   Code   RO           30    .text.fputc         main.o
    0x08002c04   0x08002c04   0x00000004   PAD
    0x08002c08   0x08002c08   0x000003fc   Code   RO            2    .text.main          main.o
    0x08003004   0x08003004   0x00000004   PAD
    0x08003008   0x08003008   0x000000b0   Code   RO           26    .text.queueProcess  main.o
    0x080030b8   0x080030b8   0x00000178   Code   RO           24    .text.readTemp      main.o
    0x08003230   0x08003230   0x00000010   Code   RO           94    .text.stderr_putchar  retarget_io.o
    0x08003240   0x08003240   0x00000010   Code   RO           92    .text.stdout_putchar  retarget_io.o
    0x08003250   0x08003250   0x0000003e   Code   RO          378    CL$$btod_d2e        c_w.l(btod.o)
    0x0800328e   0x0800328e   0x00000046   Code   RO          380    CL$$btod_d2e_denorm_low  c_w.l(btod.o)
    0x080032d4   0x080032d4   0x00000060   Code   RO          379    CL$$btod_d2e_norm_op1  c_w.l(btod.o)
    0x08003334   0x08003334   0x00000338   Code   RO          388    CL$$btod_div_common  c_w.l(btod.o)
    0x0800366c   0x0800366c   0x000000dc   Code   RO          385    CL$$btod_e2e        c_w.l(btod.o)
    0x08003748   0x08003748   0x0000002a   Code   RO          382    CL$$btod_ediv       c_w.l(btod.o)
    0x08003772   0x08003772   0x0000002a   Code   RO          381    CL$$btod_emul       c_w.l(btod.o)
    0x0800379c   0x0800379c   0x00000244   Code   RO          387    CL$$btod_mult_common  c_w.l(btod.o)
    0x080039e0   0x080039e0   0x00000030   Code   RO          493    i.__ARM_fpclassify  m_wm.l(fpclassify.o)
    0x08003a10   0x08003a10   0x0000000e   Code   RO          209    i._is_digit         c_w.l(__printf_wp.o)
    0x08003a1e   0x08003a1e   0x00000002   PAD
    0x08003a20   0x08003a20   0x0000002c   Code   RO          414    locale$$code        c_w.l(lc_numeric_c.o)
    0x08003a4c   0x08003a4c   0x0000002c   Code   RO          534    locale$$code        c_w.l(lc_ctype_c.o)
    0x08003a78   0x08003a78   0x0000000c   Code   RO          248    x$fpl$dretinf       fz_wm.l(dretinf.o)
    0x08003a84   0x08003a84   0x00000056   Code   RO          150    x$fpl$f2d           fz_wm.l(f2d.o)
    0x08003ada   0x08003ada   0x0000008c   Code   RO          250    x$fpl$fnaninf       fz_wm.l(fnaninf.o)
    0x08003b66   0x08003b66   0x0000001a   Code   RO          544    x$fpl$fpinit        fz_wm.l(fpinit.o)
    0x08003b80   0x08003b80   0x00000004   Code   RO          252    x$fpl$printf1       fz_wm.l(printf1.o)
    0x08003b84   0x08003b84   0x00000004   Code   RO          254    x$fpl$printf2       fz_wm.l(printf2.o)
    0x08003b88   0x08003b88   0x00000000   Code   RO          260    x$fpl$usenofp       fz_wm.l(usenofp.o)
    0x08003b88   0x08003b88   0x00000008   Data   RO          168    .constdata          c_w.l(_printf_wctomb.o)
    0x08003b90   0x08003b90   0x00000028   Data   RO          197    .constdata          c_w.l(_printf_hex_int_ll_ptr.o)
    0x08003bb8   0x08003bb8   0x00000011   Data   RO          217    .constdata          c_w.l(__printf_flags_ss_wp.o)
    0x08003bc9   0x08003bc9   0x00000026   Data   RO          285    .constdata          c_w.l(_printf_fp_hex.o)
    0x08003bef   0x08003bef   0x00000001   PAD
    0x08003bf0   0x08003bf0   0x00000094   Data   RO          376    .constdata          c_w.l(bigflt0.o)
    0x08003c84   0x08003c84   0x00000008   Data   RO          109    .rodata.__stderr_name  retarget_io.o
    0x08003c8c   0x08003c8c   0x00000007   Data   RO          107    .rodata.__stdin_name  retarget_io.o
    0x08003c93   0x08003c93   0x00000008   Data   RO          108    .rodata.__stdout_name  retarget_io.o
    0x08003c9b   0x08003c9b   0x00000001   PAD
    0x08003c9c   0x08003c9c   0x00000040   Data   RO           74    .rodata.speed_of_sound  main.o
    0x08003cdc   0x08003cdc   0x00000040   Data   RO           73    .rodata.speed_of_soundT  main.o
    0x08003d1c   0x08003d1c   0x00000044   Data   RO           67    .rodata.str1.1      main.o
    0x08003d60   0x08003d60   0x00000017   Data   RO          110    .rodata.str1.1      retarget_io.o
    0x08003d77   0x08003d77   0x00000001   PAD
    0x08003d78   0x08003d78   0x00000020   Data   RO          634    Region$$Table       anon$$obj.o
    0x08003d98   0x08003d98   0x0000001c   Data   RO          413    locale$$data        c_w.l(lc_numeric_c.o)
    0x08003db4   0x08003db4   0x00000110   Data   RO          533    locale$$data        c_w.l(lc_ctype_c.o)


    Execution Region ER_RW (Exec base: 0x20010000, Load base: 0x08003ec4, Size: 0x00000014, Max: 0xffffffff, ABSOLUTE)

    Exec Addr    Load Addr    Size         Type   Attr      Idx    E Section Name        Object

    0x20010000   0x08003ec4   0x00000004   Data   RW          245    .data               c_w.l(stdio_streams.o)
    0x20010004   0x08003ec8   0x00000004   Data   RW          246    .data               c_w.l(stdio_streams.o)
    0x20010008   0x08003ecc   0x00000004   Data   RW          247    .data               c_w.l(stdio_streams.o)
    0x2001000c   0x08003ed0   0x00000004   Data   RW           51    .data.temperature   main.o
    0x20010010   0x08003ed4   0x00000004   Data   RW           64    .data.temperatureA  main.o


    Execution Region ER_ZI (Exec base: 0x20010018, Load base: 0x08003ed8, Size: 0x000007c0, Max: 0xffffffff, ABSOLUTE)

    Exec Addr    Load Addr    Size         Type   Attr      Idx    E Section Name        Object

    0x20010018        -       0x00000054   Zero   RW          242    .bss                c_w.l(stdio_streams.o)
    0x2001006c        -       0x00000054   Zero   RW          243    .bss                c_w.l(stdio_streams.o)
    0x200100c0        -       0x00000054   Zero   RW          244    .bss                c_w.l(stdio_streams.o)
    0x20010114        -       0x00000060   Zero   RW          496    .bss                c_w.l(libspace.o)
    0x20010174        -       0x00000004   Zero   RW           56    .bss.CCMSB          main.o
    0x20010178        -       0x00000001   Zero   RW           68    .bss.CC_ITpass      main.o
    0x20010179   0x08003ed8   0x00000001   PAD
    0x2001017a        -       0x00000002   Zero   RW           58    .bss.LSB            main.o
    0x2001017c        -       0x00000002   Zero   RW           57    .bss.MSB            main.o
    0x2001017e        -       0x00000001   Zero   RW           66    .bss.american       main.o
    0x2001017f   0x08003ed8   0x00000001   PAD
    0x20010180        -       0x00000004   Zero   RW           61    .bss.currentSoS     main.o
    0x20010184        -       0x00000004   Zero   RW           65    .bss.currentSoSA    main.o
    0x20010188        -       0x00000001   Zero   RW           55    .bss.dataProcess    main.o
    0x20010189   0x08003ed8   0x00000003   PAD
    0x2001018c        -       0x00000004   Zero   RW           53    .bss.distance       main.o
    0x20010190        -       0x00000004   Zero   RW           62    .bss.distance1      main.o
    0x20010194        -       0x00000004   Zero   RW           59    .bss.distance32_raw  main.o
    0x20010198        -       0x00000004   Zero   RW           60    .bss.distance32_raw_mean  main.o
    0x2001019c        -       0x00000004   Zero   RW           63    .bss.distanceA      main.o
    0x200101a0        -       0x00000001   Zero   RW           69    .bss.garbageData    main.o
    0x200101a1   0x08003ed8   0x00000003   PAD
    0x200101a4        -       0x00000004   Zero   RW           72    .bss.mean           main.o
    0x200101a8        -       0x00000004   Zero   RW           52    .bss.percent        main.o
    0x200101ac        -       0x00000004   Zero   RW           54    .bss.percentDst     main.o
    0x200101b0        -       0x00000020   Zero   RW           71    .bss.queue          main.o
    0x200101d0        -       0x00000001   Zero   RW           50    .bss.read           main.o
    0x200101d1   0x08003ed8   0x00000001   PAD
    0x200101d2        -       0x00000002   Zero   RW           70    .bss.temperature_reg  main.o
    0x200101d4   0x08003ed8   0x00000004   PAD
    0x200101d8        -       0x00000200   Zero   RW          118    HEAP                startup_stm32f746xx.o
    0x200103d8        -       0x00000400   Zero   RW          117    STACK               startup_stm32f746xx.o


==============================================================================

Image component sizes


      Code (inc. data)   RO Data    RW Data    ZI Data      Debug   Object Name

      4568         40        196          8         87      11038   main.o
       700          0         46          0          0       3303   retarget_io.o
        64         26        456          0       1536        888   startup_stm32f746xx.o
        32          0          0          0          0       3392   system_stm32f7xx.o

    ----------------------------------------------------------------------
      5448         70        732          8       1636      18621   Object Totals
         0          0         32          0          0          0   (incl. Generated)
        84          4          2          0         13          0   (incl. Padding)

    ----------------------------------------------------------------------

      Code (inc. data)   RO Data    RW Data    ZI Data      Debug   Library Member Name

         8          0          0          0          0         68   __main.o
       392          4         17          0          0         92   __printf_flags_ss_wp.o
        14          0          0          0          0         68   __printf_wp.o
         0          0          0          0          0          0   __rtentry.o
        12          0          0          0          0          0   __rtentry2.o
         6          0          0          0          0          0   __rtentry4.o
        52          8          0          0          0          0   __scatter.o
        26          0          0          0          0          0   __scatter_copy.o
        28          0          0          0          0          0   __scatter_zi.o
        72          0          0          0          0         96   _c16rtomb.o
       264          0          0          0          0         96   _get_argv.o
         6          0          0          0          0          0   _printf_a.o
         6          0          0          0          0          0   _printf_c.o
        44          0          0          0          0        108   _printf_char.o
        48          6          0          0          0         96   _printf_char_common.o
        36          4          0          0          0         80   _printf_char_file.o
        40          0          0          0          0         68   _printf_charcount.o
         6          0          0          0          0          0   _printf_d.o
       120         16          0          0          0         92   _printf_dec.o
         6          0          0          0          0          0   _printf_e.o
         6          0          0          0          0          0   _printf_f.o
      1052          0          0          0          0        148   _printf_fp_dec.o
       764          8         38          0          0        100   _printf_fp_hex.o
       128         16          0          0          0         84   _printf_fp_infnan.o
         6          0          0          0          0          0   _printf_g.o
       148          4         40          0          0        160   _printf_hex_int_ll_ptr.o
         6          0          0          0          0          0   _printf_i.o
       178          0          0          0          0         88   _printf_intcommon.o
        10          0          0          0          0          0   _printf_l.o
         6          0          0          0          0          0   _printf_lc.o
        10          0          0          0          0          0   _printf_ll.o
         6          0          0          0          0          0   _printf_lld.o
         6          0          0          0          0          0   _printf_lli.o
         6          0          0          0          0          0   _printf_llo.o
         6          0          0          0          0          0   _printf_llu.o
         6          0          0          0          0          0   _printf_llx.o
       124         16          0          0          0         92   _printf_longlong_dec.o
         6          0          0          0          0          0   _printf_ls.o
         6          0          0          0          0          0   _printf_n.o
         6          0          0          0          0          0   _printf_o.o
       112          8          0          0          0        124   _printf_oct_int_ll.o
         6          0          0          0          0          0   _printf_p.o
        78          0          0          0          0        108   _printf_pad.o
         0          0          0          0          0          0   _printf_percent.o
         4          0          0          0          0          0   _printf_percent_end.o
         6          0          0          0          0          0   _printf_s.o
        82          0          0          0          0         80   _printf_str.o
        36          0          0          0          0         84   _printf_truncate.o
         6          0          0          0          0          0   _printf_u.o
        44          0          0          0          0        108   _printf_wchar.o
       188          6          8          0          0         92   _printf_wctomb.o
         6          0          0          0          0          0   _printf_x.o
         4          0          0          0          0         68   argv_veneer.o
       228          4        148          0          0         96   bigflt0.o
      1936        128          0          0          0        672   btod.o
        10          0          0          0          0         68   defsig_exit.o
        50          0          0          0          0         88   defsig_general.o
        80         58          0          0          0         76   defsig_rtmem_inner.o
        14          0          0          0          0         80   defsig_rtmem_outer.o
        52         38          0          0          0         76   defsig_rtred_inner.o
        14          0          0          0          0         80   defsig_rtred_outer.o
        18          0          0          0          0         80   exit.o
        76          0          0          0          0         88   fclose.o
         8          0          0          0          0         68   ferror.o
       240          6          0          0          0        128   fopen.o
       248          6          0          0          0         84   fseek.o
        66          0          0          0          0         76   ftell.o
        94          0          0          0          0         80   h1_alloc.o
        52          0          0          0          0         68   h1_extend.o
        78          0          0          0          0         80   h1_free.o
        14          0          0          0          0         84   h1_init.o
         6          0          0          0          0        152   heapauxi.o
         4          0          0          0          0        136   hguard.o
         4          0          0          0          0        136   hrguard.o
         0          0          0          0          0          0   indicate_semi.o
       138          0          0          0          0        168   init_alloc.o
       312         46          0          0          0        112   initio.o
        44         10        272          0          0         76   lc_ctype_c.o
        44         10         28          0          0         76   lc_numeric_c.o
         2          0          0          0          0          0   libinit.o
        54          0          0          0          0          0   libinit2.o
         2          0          0          0          0          0   libshutdown.o
         6          0          0          0          0          0   libshutdown2.o
         8          4          0          0         96         68   libspace.o
       138          0          0          0          0         80   lludiv10.o
         0          0          0          0          0          0   maybetermalloc1.o
        24          4          0          0          0         84   printf.o
        16          4          0          0          0         76   rt_ctype_table.o
         8          4          0          0          0         68   rt_errno_addr_intlibspace.o
         8          4          0          0          0         68   rt_heap_descriptor_intlibspace.o
         8          4          0          0          0         68   rt_locale_intlibspace.o
        78          0          0          0          0         80   rt_memclr_w.o
         2          0          0          0          0          0   rtexit.o
        10          0          0          0          0          0   rtexit2.o
        70          0          0          0          0         80   setvbuf.o
       240          6          0          0          0        156   stdio.o
         0          0          0         12        252          0   stdio_streams.o
       124          0          0          0          0         88   strcmpv7m_pel.o
        24          0          0          0          0         76   sys_command.o
        12          4          0          0          0         68   sys_exit.o
        74          0          0          0          0         80   sys_stackheap_outer.o
        14          0          0          0          0         76   sys_wrch.o
         2          0          0          0          0         68   use_no_semi.o
        12          0          0          0          0        116   dretinf.o
        86          4          0          0          0        132   f2d.o
       140          4          0          0          0        132   fnaninf.o
        26          0          0          0          0        116   fpinit.o
         4          0          0          0          0        116   printf1.o
         4          0          0          0          0        116   printf2.o
         0          0          0          0          0          0   usenofp.o
        48          0          0          0          0        124   fpclassify.o

    ----------------------------------------------------------------------
      9336        444        552         12        348       7264   Library Totals
        18          0          1          0          0          0   (incl. Padding)

    ----------------------------------------------------------------------

      Code (inc. data)   RO Data    RW Data    ZI Data      Debug   Library Name

      8998        436        551         12        348       6412   c_w.l
       272          8          0          0          0        728   fz_wm.l
        48          0          0          0          0        124   m_wm.l

    ----------------------------------------------------------------------
      9336        444        552         12        348       7264   Library Totals

    ----------------------------------------------------------------------

==============================================================================


      Code (inc. data)   RO Data    RW Data    ZI Data      Debug   

     14784        514       1284         20       1984      21765   Grand Totals
     14784        514       1284         20       1984      21765   ELF Image Totals
     14784        514       1284         20          0          0   ROM Totals

==============================================================================

    Total RO  Size (Code + RO Data)                16068 (  15.69kB)
    Total RW  Size (RW Data + ZI Data)              2004 (   1.96kB)
    Total ROM Size (Code + RO Data + RW Data)      16088 (  15.71kB)

==============================================================================

